Component: ARM Compiler 6.16 Tool: armlink [5dfeaa00]

==============================================================================

Section Cross References

    delay.o(.text.SysTick_Handler) refers to delay.o(.bss.usTicks) for usTicks
    delay.o(.ARM.exidx.text.SysTick_Handler) refers to delay.o(.text.SysTick_Handler) for [Anonymous Symbol]
    delay.o(.text.DelayInit) refers to system_stm32f10x.o(.text.SystemCoreClockUpdate) for SystemCoreClockUpdate
    delay.o(.text.DelayInit) refers to system_stm32f10x.o(.data.SystemCoreClock) for SystemCoreClock
    delay.o(.text.DelayInit) refers to delay.o(.text.SysTick_Config) for SysTick_Config
    delay.o(.ARM.exidx.text.DelayInit) refers to delay.o(.text.DelayInit) for [Anonymous Symbol]
    delay.o(.text.SysTick_Config) refers to delay.o(.text.__NVIC_SetPriority) for __NVIC_SetPriority
    delay.o(.ARM.exidx.text.SysTick_Config) refers to delay.o(.text.SysTick_Config) for [Anonymous Symbol]
    delay.o(.text.DelayUs) refers to delay.o(.bss.usTicks) for usTicks
    delay.o(.ARM.exidx.text.DelayUs) refers to delay.o(.text.DelayUs) for [Anonymous Symbol]
    delay.o(.text.DelayMs) refers to delay.o(.text.DelayUs) for DelayUs
    delay.o(.ARM.exidx.text.DelayMs) refers to delay.o(.text.DelayMs) for [Anonymous Symbol]
    delay.o(.ARM.exidx.text.__NVIC_SetPriority) refers to delay.o(.text.__NVIC_SetPriority) for [Anonymous Symbol]
    lcd.o(.text.lcd16x2_init) refers to delay.o(.text.DelayInit) for DelayInit
    lcd.o(.text.lcd16x2_init) refers to stm32f10x_rcc.o(.text.RCC_APB2PeriphClockCmd) for RCC_APB2PeriphClockCmd
    lcd.o(.text.lcd16x2_init) refers to stm32f10x_gpio.o(.text.GPIO_PinRemapConfig) for GPIO_PinRemapConfig
    lcd.o(.text.lcd16x2_init) refers to lcd.o(.bss.GPIO_InitStruct) for GPIO_InitStruct
    lcd.o(.text.lcd16x2_init) refers to stm32f10x_gpio.o(.text.GPIO_Init) for GPIO_Init
    lcd.o(.text.lcd16x2_init) refers to delay.o(.text.DelayUs) for DelayUs
    lcd.o(.text.lcd16x2_init) refers to lcd.o(.text.lcd16x2_toggle_e) for lcd16x2_toggle_e
    lcd.o(.text.lcd16x2_init) refers to lcd.o(.text.lcd16x2_write_command) for lcd16x2_write_command
    lcd.o(.text.lcd16x2_init) refers to lcd.o(.text.lcd16x2_clrscr) for lcd16x2_clrscr
    lcd.o(.text.lcd16x2_init) refers to lcd.o(.text.lcd16x2_entry_inc) for lcd16x2_entry_inc
    lcd.o(.text.lcd16x2_init) refers to lcd.o(.bss.display_cursor_on_off_control) for display_cursor_on_off_control
    lcd.o(.ARM.exidx.text.lcd16x2_init) refers to lcd.o(.text.lcd16x2_init) for [Anonymous Symbol]
    lcd.o(.text.lcd16x2_toggle_e) refers to delay.o(.text.DelayUs) for DelayUs
    lcd.o(.ARM.exidx.text.lcd16x2_toggle_e) refers to lcd.o(.text.lcd16x2_toggle_e) for [Anonymous Symbol]
    lcd.o(.text.lcd16x2_write_command) refers to lcd.o(.text.lcd16x2_wait_busy) for lcd16x2_wait_busy
    lcd.o(.text.lcd16x2_write_command) refers to lcd.o(.text.lcd16x2_write) for lcd16x2_write
    lcd.o(.ARM.exidx.text.lcd16x2_write_command) refers to lcd.o(.text.lcd16x2_write_command) for [Anonymous Symbol]
    lcd.o(.text.lcd16x2_clrscr) refers to lcd.o(.text.lcd16x2_write_command) for lcd16x2_write_command
    lcd.o(.ARM.exidx.text.lcd16x2_clrscr) refers to lcd.o(.text.lcd16x2_clrscr) for [Anonymous Symbol]
    lcd.o(.text.lcd16x2_entry_inc) refers to lcd.o(.text.lcd16x2_write_command) for lcd16x2_write_command
    lcd.o(.ARM.exidx.text.lcd16x2_entry_inc) refers to lcd.o(.text.lcd16x2_entry_inc) for [Anonymous Symbol]
    lcd.o(.text.lcd16x2_wait_busy) refers to lcd.o(.text.lcd16x2_read) for lcd16x2_read
    lcd.o(.text.lcd16x2_wait_busy) refers to delay.o(.text.DelayUs) for DelayUs
    lcd.o(.ARM.exidx.text.lcd16x2_wait_busy) refers to lcd.o(.text.lcd16x2_wait_busy) for [Anonymous Symbol]
    lcd.o(.text.lcd16x2_write) refers to lcd.o(.bss.GPIO_InitStruct) for GPIO_InitStruct
    lcd.o(.text.lcd16x2_write) refers to stm32f10x_gpio.o(.text.GPIO_Init) for GPIO_Init
    lcd.o(.text.lcd16x2_write) refers to lcd.o(.text.lcd16x2_toggle_e) for lcd16x2_toggle_e
    lcd.o(.ARM.exidx.text.lcd16x2_write) refers to lcd.o(.text.lcd16x2_write) for [Anonymous Symbol]
    lcd.o(.text.lcd16x2_write_data) refers to lcd.o(.text.lcd16x2_wait_busy) for lcd16x2_wait_busy
    lcd.o(.text.lcd16x2_write_data) refers to lcd.o(.text.lcd16x2_write) for lcd16x2_write
    lcd.o(.ARM.exidx.text.lcd16x2_write_data) refers to lcd.o(.text.lcd16x2_write_data) for [Anonymous Symbol]
    lcd.o(.text.lcd16x2_home) refers to lcd.o(.text.lcd16x2_write_command) for lcd16x2_write_command
    lcd.o(.ARM.exidx.text.lcd16x2_home) refers to lcd.o(.text.lcd16x2_home) for [Anonymous Symbol]
    lcd.o(.text.lcd16x2_gotoxy) refers to lcd.o(.text.lcd16x2_write_command) for lcd16x2_write_command
    lcd.o(.ARM.exidx.text.lcd16x2_gotoxy) refers to lcd.o(.text.lcd16x2_gotoxy) for [Anonymous Symbol]
    lcd.o(.text.lcd16x2_getxy) refers to lcd.o(.text.lcd16x2_wait_busy) for lcd16x2_wait_busy
[...]
    rtexit2.o(.ARM.exidx) refers to rtexit2.o(.ARM.Collect$$rtexit$$00000003) for .ARM.Collect$$rtexit$$00000003
    rtexit2.o(.ARM.exidx) refers to rtexit2.o(.ARM.Collect$$rtexit$$00000004) for .ARM.Collect$$rtexit$$00000004
    argv_veneer.o(.emb_text) refers to no_argv.o(.text) for __ARM_get_argv
    sys_exit.o(.text) refers (Special) to use_no_semi.o(.text) for __I$use$semihosting
    sys_exit.o(.text) refers (Special) to indicate_semi.o(.text) for __semihosting_library_function
    sys_exit_hlt.o(.text) refers (Special) to use_no_semi.o(.text) for __I$use$semihosting
    sys_exit_hlt.o(.text) refers (Special) to indicate_semi.o(.text) for __semihosting_library_function
    _get_argv_nomalloc.o(.text) refers (Special) to hrguard.o(.text) for __heap_region$guard
    _get_argv_nomalloc.o(.text) refers to defsig_rtmem_outer.o(.text) for __rt_SIGRTMEM
    _get_argv_nomalloc.o(.text) refers to sys_command.o(.text) for _sys_command_string
    libshutdown.o(.ARM.Collect$$libshutdown$$00000000) refers (Special) to libshutdown2.o(.ARM.Collect$$libshutdown$$00000002) for __rt_lib_shutdown_cpp_1
    libshutdown.o(.ARM.Collect$$libshutdown$$00000000) refers (Special) to libshutdown2.o(.ARM.Collect$$libshutdown$$00000007) for __rt_lib_shutdown_fp_trap_1
    libshutdown.o(.ARM.Collect$$libshutdown$$00000000) refers (Special) to libshutdown2.o(.ARM.Collect$$libshutdown$$0000000F) for __rt_lib_shutdown_heap_1
    libshutdown.o(.ARM.Collect$$libshutdown$$00000000) refers (Special) to libshutdown2.o(.ARM.Collect$$libshutdown$$00000010) for __rt_lib_shutdown_return
    libshutdown.o(.ARM.Collect$$libshutdown$$00000000) refers (Special) to libshutdown2.o(.ARM.Collect$$libshutdown$$0000000A) for __rt_lib_shutdown_signal_1
    libshutdown.o(.ARM.Collect$$libshutdown$$00000000) refers (Special) to libshutdown2.o(.ARM.Collect$$libshutdown$$00000004) for __rt_lib_shutdown_stdio_1
    libshutdown.o(.ARM.Collect$$libshutdown$$00000000) refers (Special) to libshutdown2.o(.ARM.Collect$$libshutdown$$0000000C) for __rt_lib_shutdown_user_alloc_1
    sys_command.o(.text) refers (Special) to use_no_semi.o(.text) for __I$use$semihosting
    sys_command.o(.text) refers (Special) to indicate_semi.o(.text) for __semihosting_library_function
    sys_command_hlt.o(.text) refers (Special) to use_no_semi.o(.text) for __I$use$semihosting
    sys_command_hlt.o(.text) refers (Special) to indicate_semi.o(.text) for __semihosting_library_function
    defsig_rtmem_outer.o(.text) refers to defsig_rtmem_inner.o(.text) for __rt_SIGRTMEM_inner
    defsig_rtmem_outer.o(.text) refers to defsig_exit.o(.text) for __sig_exit
    defsig_rtmem_formal.o(.text) refers to rt_raise.o(.text) for __rt_raise
    rt_raise.o(.text) refers to __raise.o(.text) for __raise
    rt_raise.o(.text) refers to sys_exit.o(.text) for _sys_exit
    defsig_exit.o(.text) refers to sys_exit.o(.text) for _sys_exit
    defsig_rtmem_inner.o(.text) refers to defsig_general.o(.text) for __default_signal_display
    __raise.o(.text) refers to defsig.o(CL$$defsig) for __default_signal_handler
    defsig_general.o(.text) refers to sys_wrch.o(.text) for _ttywrch
    sys_wrch.o(.text) refers (Special) to use_no_semi.o(.text) for __I$use$semihosting
    sys_wrch.o(.text) refers (Special) to indicate_semi.o(.text) for __semihosting_library_function
    sys_wrch_hlt.o(.text) refers (Special) to use_no_semi.o(.text) for __I$use$semihosting
    sys_wrch_hlt.o(.text) refers (Special) to indicate_semi.o(.text) for __semihosting_library_function
    defsig.o(CL$$defsig) refers to defsig_rtmem_inner.o(.text) for __rt_SIGRTMEM_inner
    defsig_abrt_inner.o(.text) refers to defsig_general.o(.text) for __default_signal_display
    defsig_fpe_inner.o(.text) refers to defsig_general.o(.text) for __default_signal_display
    defsig_rtred_inner.o(.text) refers to defsig_general.o(.text) for __default_signal_display
    defsig_stak_inner.o(.text) refers to defsig_general.o(.text) for __default_signal_display
    defsig_pvfn_inner.o(.text) refers to defsig_general.o(.text) for __default_signal_display
    defsig_cppl_inner.o(.text) refers to defsig_general.o(.text) for __default_signal_display
    defsig_segv_inner.o(.text) refers to defsig_general.o(.text) for __default_signal_display
    defsig_other.o(.text) refers to defsig_general.o(.text) for __default_signal_display


==============================================================================

Removing Unused input sections from the image.

    Removing delay.o(.text), (0 bytes).
    Removing delay.o(.ARM.exidx.text.SysTick_Handler), (8 bytes).
    Removing delay.o(.ARM.exidx.text.DelayInit), (8 bytes).
    Removing delay.o(.ARM.exidx.text.SysTick_Config), (8 bytes).
    Removing delay.o(.ARM.exidx.text.DelayUs), (8 bytes).
    Removing delay.o(.ARM.exidx.text.DelayMs), (8 bytes).
    Removing delay.o(.ARM.exidx.text.__NVIC_SetPriority), (8 bytes).
    Removing lcd.o(.text), (0 bytes).
    Removing lcd.o(.ARM.exidx.text.lcd16x2_init), (8 bytes).
    Removing lcd.o(.ARM.exidx.text.lcd16x2_toggle_e), (8 bytes).
    Removing lcd.o(.ARM.exidx.text.lcd16x2_write_command), (8 bytes).
    Removing lcd.o(.ARM.exidx.text.lcd16x2_clrscr), (8 bytes).
    Removing lcd.o(.ARM.exidx.text.lcd16x2_entry_inc), (8 bytes).
    Removing lcd.o(.ARM.exidx.text.lcd16x2_wait_busy), (8 bytes).
    Removing lcd.o(.ARM.exidx.text.lcd16x2_write), (8 bytes).
    Removing lcd.o(.ARM.exidx.text.lcd16x2_write_data), (8 bytes).
    Removing lcd.o(.text.lcd16x2_home), (10 bytes).
    Removing lcd.o(.ARM.exidx.text.lcd16x2_home), (8 bytes).
    Removing lcd.o(.ARM.exidx.text.lcd16x2_gotoxy), (8 bytes).
    Removing lcd.o(.text.lcd16x2_getxy), (8 bytes).
    Removing lcd.o(.ARM.exidx.text.lcd16x2_getxy), (8 bytes).
    Removing lcd.o(.text.lcd16x2_entry_dec), (10 bytes).
    Removing lcd.o(.ARM.exidx.text.lcd16x2_entry_dec), (8 bytes).
    Removing lcd.o(.text.lcd16x2_entry_inc_shift), (10 bytes).
    Removing lcd.o(.ARM.exidx.text.lcd16x2_entry_inc_shift), (8 bytes).
    Removing lcd.o(.text.lcd16x2_entry_dec_shift), (10 bytes).
    Removing lcd.o(.ARM.exidx.text.lcd16x2_entry_dec_shift), (8 bytes).
    Removing lcd.o(.text.lcd16x2_display_on), (30 bytes).
    Removing lcd.o(.ARM.exidx.text.lcd16x2_display_on), (8 bytes).
    Removing lcd.o(.text.lcd16x2_display_off), (32 bytes).
    Removing lcd.o(.ARM.exidx.text.lcd16x2_display_off), (8 bytes).
    Removing lcd.o(.text.lcd16x2_cursor_on), (30 bytes).
    Removing lcd.o(.ARM.exidx.text.lcd16x2_cursor_on), (8 bytes).
    Removing lcd.o(.text.lcd16x2_cursor_off), (32 bytes).
    Removing lcd.o(.ARM.exidx.text.lcd16x2_cursor_off), (8 bytes).
    Removing lcd.o(.text.lcd16x2_blink_on), (30 bytes).
    Removing lcd.o(.ARM.exidx.text.lcd16x2_blink_on), (8 bytes).
    Removing lcd.o(.text.lcd16x2_blink_off), (32 bytes).
    Removing lcd.o(.ARM.exidx.text.lcd16x2_blink_off), (8 bytes).
    Removing lcd.o(.text.lcd16x2_display_shift_left), (10 bytes).
    Removing lcd.o(.ARM.exidx.text.lcd16x2_display_shift_left), (8 bytes).
    Removing lcd.o(.text.lcd16x2_display_shift_right), (10 bytes).
    Removing lcd.o(.ARM.exidx.text.lcd16x2_display_shift_right), (8 bytes).
    Removing lcd.o(.text.lcd16x2_cursor_shift_left), (10 bytes).
    Removing lcd.o(.ARM.exidx.text.lcd16x2_cursor_shift_left), (8 bytes).
    Removing lcd.o(.text.lcd16x2_cursor_shift_right), (10 bytes).
    Removing lcd.o(.ARM.exidx.text.lcd16x2_cursor_shift_right), (8 bytes).
    Removing lcd.o(.text.lcd16x2_putc), (46 bytes).
    Removing lcd.o(.ARM.exidx.text.lcd16x2_putc), (8 bytes).
    Removing lcd.o(.text.lcd16x2_new_line), (18 bytes).
    Removing lcd.o(.ARM.exidx.text.lcd16x2_new_line), (8 bytes).
    Removing lcd.o(.text.lcd16x2_puts), (28 bytes).
    Removing lcd.o(.ARM.exidx.text.lcd16x2_puts), (8 bytes).
    Removing lcd.o(.ARM.exidx.text.lcd16x2_create_custom_char), (8 bytes).
    Removing lcd.o(.ARM.exidx.text.lcd16x2_put_custom_char), (8 bytes).
    Removing lcd.o(.ARM.exidx.text.lcd16x2_read), (8 bytes).
    Removing main.o(.text), (0 bytes).
    Removing main.o(.ARM.exidx.text.RCC_Configuration), (8 bytes).
    Removing main.o(.ARM.exidx.text.GPIO_Configuration), (8 bytes).
    Removing main.o(.ARM.exidx.text.initUsart), (8 bytes).
    Removing main.o(.ARM.exidx.text.initDma), (8 bytes).
    Removing main.o(.text.sendString), (58 bytes).
    Removing main.o(.ARM.exidx.text.sendString), (8 bytes).
    Removing main.o(.text.sendChar), (34 bytes).
    Removing main.o(.ARM.exidx.text.sendChar), (8 bytes).
    Removing main.o(.ARM.exidx.text.main), (8 bytes).
    Removing main.o(.bss.GPIO_InitStructure), (4 bytes).
    Removing main.o(.ARM.use_no_argv), (4 bytes).
    Removing misc.o(.text), (0 bytes).
    Removing misc.o(.text.NVIC_PriorityGroupConfig), (20 bytes).
    Removing misc.o(.ARM.exidx.text.NVIC_PriorityGroupConfig), (8 bytes).
    Removing misc.o(.text.NVIC_Init), (94 bytes).
    Removing misc.o(.ARM.exidx.text.NVIC_Init), (8 bytes).
    Removing misc.o(.text.NVIC_SetVectorTable), (24 bytes).
    Removing misc.o(.ARM.exidx.text.NVIC_SetVectorTable), (8 bytes).
    Removing misc.o(.text.NVIC_SystemLPConfig), (24 bytes).
    Removing misc.o(.ARM.exidx.text.NVIC_SystemLPConfig), (8 bytes).
    Removing misc.o(.text.SysTick_CLKSourceConfig), (24 bytes).
    Removing misc.o(.ARM.exidx.text.SysTick_CLKSourceConfig), (8 bytes).
    Removing stm32f10x_adc.o(.text), (0 bytes).
    Removing stm32f10x_adc.o(.text.ADC_DeInit), (74 bytes).
    Removing stm32f10x_adc.o(.ARM.exidx.text.ADC_DeInit), (8 bytes).
    Removing stm32f10x_adc.o(.ARM.exidx.text.ADC_Init), (8 bytes).
    Removing stm32f10x_adc.o(.text.ADC_StructInit), (16 bytes).
    Removing stm32f10x_adc.o(.ARM.exidx.text.ADC_StructInit), (8 bytes).
    Removing stm32f10x_adc.o(.ARM.exidx.text.ADC_Cmd), (8 bytes).
    Removing stm32f10x_adc.o(.ARM.exidx.text.ADC_DMACmd), (8 bytes).
    Removing stm32f10x_adc.o(.text.ADC_ITConfig), (18 bytes).
    Removing stm32f10x_adc.o(.ARM.exidx.text.ADC_ITConfig), (8 bytes).
    Removing stm32f10x_adc.o(.ARM.exidx.text.ADC_ResetCalibration), (8 bytes).
    Removing stm32f10x_adc.o(.ARM.exidx.text.ADC_GetResetCalibrationStatus), (8 bytes).
    Removing stm32f10x_adc.o(.ARM.exidx.text.ADC_StartCalibration), (8 bytes).
    Removing stm32f10x_adc.o(.ARM.exidx.text.ADC_GetCalibrationStatus), (8 bytes).
    Removing stm32f10x_adc.o(.ARM.exidx.text.ADC_SoftwareStartConvCmd), (8 bytes).
    Removing stm32f10x_adc.o(.text.ADC_GetSoftwareStartConvStatus), (8 bytes).
    Removing stm32f10x_adc.o(.ARM.exidx.text.ADC_GetSoftwareStartConvStatus), (8 bytes).
    Removing stm32f10x_adc.o(.text.ADC_DiscModeChannelCountConfig), (24 bytes).
    Removing stm32f10x_adc.o(.ARM.exidx.text.ADC_DiscModeChannelCountConfig), (8 bytes).
    Removing stm32f10x_adc.o(.text.ADC_DiscModeCmd), (18 bytes).
    Removing stm32f10x_adc.o(.ARM.exidx.text.ADC_DiscModeCmd), (8 bytes).
    Removing stm32f10x_adc.o(.ARM.exidx.text.ADC_RegularChannelConfig), (8 bytes).
    Removing stm32f10x_adc.o(.text.ADC_ExternalTrigConvCmd), (18 bytes).
    Removing stm32f10x_adc.o(.ARM.exidx.text.ADC_ExternalTrigConvCmd), (8 bytes).
    Removing stm32f10x_adc.o(.text.ADC_GetConversionValue), (6 bytes).
    Removing stm32f10x_adc.o(.ARM.exidx.text.ADC_GetConversionValue), (8 bytes).
    Removing stm32f10x_adc.o(.text.ADC_GetDualModeConversionValue), (12 bytes).
    Removing stm32f10x_adc.o(.ARM.exidx.text.ADC_GetDualModeConversionValue), (8 bytes).
    Removing stm32f10x_adc.o(.text.ADC_AutoInjectedConvCmd), (18 bytes).
    Removing stm32f10x_adc.o(.ARM.exidx.text.ADC_AutoInjectedConvCmd), (8 bytes).
    Removing stm32f10x_adc.o(.text.ADC_InjectedDiscModeCmd), (18 bytes).
    Removing stm32f10x_adc.o(.ARM.exidx.text.ADC_InjectedDiscModeCmd), (8 bytes).
    Removing stm32f10x_adc.o(.text.ADC_ExternalTrigInjectedConvConfig), (12 bytes).
    Removing stm32f10x_adc.o(.ARM.exidx.text.ADC_ExternalTrigInjectedConvConfig), (8 bytes).
    Removing stm32f10x_adc.o(.text.ADC_ExternalTrigInjectedConvCmd), (18 bytes).
    Removing stm32f10x_adc.o(.ARM.exidx.text.ADC_ExternalTrigInjectedConvCmd), (8 bytes).
    Removing stm32f10x_adc.o(.text.ADC_SoftwareStartInjectedConvCmd), (18 bytes).
    Removing stm32f10x_adc.o(.ARM.exidx.text.ADC_SoftwareStartInjectedConvCmd), (8 bytes).
    Removing stm32f10x_adc.o(.text.ADC_GetSoftwareStartInjectedConvCmdStatus), (8 bytes).
    Removing stm32f10x_adc.o(.ARM.exidx.text.ADC_GetSoftwareStartInjectedConvCmdStatus), (8 bytes).
    Removing stm32f10x_adc.o(.text.ADC_InjectedChannelConfig), (78 bytes).
    Removing stm32f10x_adc.o(.ARM.exidx.text.ADC_InjectedChannelConfig), (8 bytes).
    Removing stm32f10x_adc.o(.text.ADC_InjectedSequencerLengthConfig), (22 bytes).
    Removing stm32f10x_adc.o(.ARM.exidx.text.ADC_InjectedSequencerLengthConfig), (8 bytes).
    Removing stm32f10x_adc.o(.text.ADC_SetInjectedOffset), (22 bytes).
    Removing stm32f10x_adc.o(.ARM.exidx.text.ADC_SetInjectedOffset), (8 bytes).
    Removing stm32f10x_adc.o(.text.ADC_GetInjectedConversionValue), (26 bytes).
    Removing stm32f10x_adc.o(.ARM.exidx.text.ADC_GetInjectedConversionValue), (8 bytes).
    Removing stm32f10x_adc.o(.text.ADC_AnalogWatchdogCmd), (18 bytes).
    Removing stm32f10x_adc.o(.ARM.exidx.text.ADC_AnalogWatchdogCmd), (8 bytes).
    Removing stm32f10x_adc.o(.text.ADC_AnalogWatchdogThresholdsConfig), (6 bytes).
    Removing stm32f10x_adc.o(.ARM.exidx.text.ADC_AnalogWatchdogThresholdsConfig), (8 bytes).
    Removing stm32f10x_adc.o(.text.ADC_AnalogWatchdogSingleChannelConfig), (12 bytes).
    Removing stm32f10x_adc.o(.ARM.exidx.text.ADC_AnalogWatchdogSingleChannelConfig), (8 bytes).
    Removing stm32f10x_adc.o(.text.ADC_TempSensorVrefintCmd), (26 bytes).
    Removing stm32f10x_adc.o(.ARM.exidx.text.ADC_TempSensorVrefintCmd), (8 bytes).
    Removing stm32f10x_adc.o(.text.ADC_GetFlagStatus), (10 bytes).
    Removing stm32f10x_adc.o(.ARM.exidx.text.ADC_GetFlagStatus), (8 bytes).
    Removing stm32f10x_adc.o(.text.ADC_ClearFlag), (6 bytes).
    Removing stm32f10x_adc.o(.ARM.exidx.text.ADC_ClearFlag), (8 bytes).
    Removing stm32f10x_adc.o(.text.ADC_GetITStatus), (28 bytes).
    Removing stm32f10x_adc.o(.ARM.exidx.text.ADC_GetITStatus), (8 bytes).
    Removing stm32f10x_adc.o(.text.ADC_ClearITPendingBit), (8 bytes).
    Removing stm32f10x_adc.o(.ARM.exidx.text.ADC_ClearITPendingBit), (8 bytes).
    Removing stm32f10x_dma.o(.text), (0 bytes).
    Removing stm32f10x_dma.o(.ARM.exidx.text.DMA_DeInit), (8 bytes).
    Removing stm32f10x_dma.o(.ARM.exidx.text.DMA_Init), (8 bytes).
    Removing stm32f10x_dma.o(.text.DMA_StructInit), (10 bytes).
    Removing stm32f10x_dma.o(.ARM.exidx.text.DMA_StructInit), (8 bytes).
    Removing stm32f10x_dma.o(.ARM.exidx.text.DMA_Cmd), (8 bytes).
    Removing stm32f10x_dma.o(.text.DMA_ITConfig), (16 bytes).
    Removing stm32f10x_dma.o(.ARM.exidx.text.DMA_ITConfig), (8 bytes).
    Removing stm32f10x_dma.o(.text.DMA_SetCurrDataCounter), (4 bytes).
    Removing stm32f10x_dma.o(.ARM.exidx.text.DMA_SetCurrDataCounter), (8 bytes).
    Removing stm32f10x_dma.o(.text.DMA_GetCurrDataCounter), (6 bytes).
    Removing stm32f10x_dma.o(.ARM.exidx.text.DMA_GetCurrDataCounter), (8 bytes).
    Removing stm32f10x_dma.o(.text.DMA_GetFlagStatus), (22 bytes).
    Removing stm32f10x_dma.o(.ARM.exidx.text.DMA_GetFlagStatus), (8 bytes).
    Removing stm32f10x_dma.o(.text.DMA_ClearFlag), (16 bytes).
    Removing stm32f10x_dma.o(.ARM.exidx.text.DMA_ClearFlag), (8 bytes).
    Removing stm32f10x_dma.o(.text.DMA_GetITStatus), (22 bytes).
    Removing stm32f10x_dma.o(.ARM.exidx.text.DMA_GetITStatus), (8 bytes).
    Removing stm32f10x_dma.o(.text.DMA_ClearITPendingBit), (16 bytes).
    Removing stm32f10x_dma.o(.ARM.exidx.text.DMA_ClearITPendingBit), (8 bytes).
    Removing stm32f10x_flash.o(.text), (0 bytes).
    Removing stm32f10x_flash.o(.text.FLASH_SetLatency), (20 bytes).
    Removing stm32f10x_flash.o(.ARM.exidx.text.FLASH_SetLatency), (8 bytes).
    Removing stm32f10x_flash.o(.text.FLASH_HalfCycleAccessCmd), (24 bytes).
    Removing stm32f10x_flash.o(.ARM.exidx.text.FLASH_HalfCycleAccessCmd), (8 bytes).
    Removing stm32f10x_flash.o(.text.FLASH_PrefetchBufferCmd), (24 bytes).
    Removing stm32f10x_flash.o(.ARM.exidx.text.FLASH_PrefetchBufferCmd), (8 bytes).
    Removing stm32f10x_flash.o(.text.FLASH_Unlock), (30 bytes).
    Removing stm32f10x_flash.o(.ARM.exidx.text.FLASH_Unlock), (8 bytes).
    Removing stm32f10x_flash.o(.text.FLASH_UnlockBank1), (30 bytes).
    Removing stm32f10x_flash.o(.ARM.exidx.text.FLASH_UnlockBank1), (8 bytes).
    Removing stm32f10x_flash.o(.text.FLASH_Lock), (18 bytes).
    Removing stm32f10x_flash.o(.ARM.exidx.text.FLASH_Lock), (8 bytes).
    Removing stm32f10x_flash.o(.text.FLASH_LockBank1), (18 bytes).
    Removing stm32f10x_flash.o(.ARM.exidx.text.FLASH_LockBank1), (8 bytes).
    Removing stm32f10x_flash.o(.text.FLASH_ErasePage), (64 bytes).
    Removing stm32f10x_flash.o(.ARM.exidx.text.FLASH_ErasePage), (8 bytes).
    Removing stm32f10x_flash.o(.text.FLASH_WaitForLastOperation), (32 bytes).
    Removing stm32f10x_flash.o(.ARM.exidx.text.FLASH_WaitForLastOperation), (8 bytes).
    Removing stm32f10x_flash.o(.text.FLASH_EraseAllPages), (60 bytes).
    Removing stm32f10x_flash.o(.ARM.exidx.text.FLASH_EraseAllPages), (8 bytes).
    Removing stm32f10x_flash.o(.text.FLASH_EraseAllBank1Pages), (60 bytes).
    Removing stm32f10x_flash.o(.ARM.exidx.text.FLASH_EraseAllBank1Pages), (8 bytes).
    Removing stm32f10x_flash.o(.text.FLASH_WaitForLastBank1Operation), (32 bytes).
    Removing stm32f10x_flash.o(.ARM.exidx.text.FLASH_WaitForLastBank1Operation), (8 bytes).
    Removing stm32f10x_flash.o(.text.FLASH_EraseOptionBytes), (156 bytes).
    Removing stm32f10x_flash.o(.ARM.exidx.text.FLASH_EraseOptionBytes), (8 bytes).
    Removing stm32f10x_flash.o(.text.FLASH_GetReadOutProtectionStatus), (16 bytes).
    Removing stm32f10x_flash.o(.ARM.exidx.text.FLASH_GetReadOutProtectionStatus), (8 bytes).
    Removing stm32f10x_flash.o(.text.FLASH_ProgramWord), (86 bytes).
    Removing stm32f10x_flash.o(.ARM.exidx.text.FLASH_ProgramWord), (8 bytes).
    Removing stm32f10x_flash.o(.text.FLASH_ProgramHalfWord), (58 bytes).
    Removing stm32f10x_flash.o(.ARM.exidx.text.FLASH_ProgramHalfWord), (8 bytes).
    Removing stm32f10x_flash.o(.text.FLASH_ProgramOptionByteData), (86 bytes).
    Removing stm32f10x_flash.o(.ARM.exidx.text.FLASH_ProgramOptionByteData), (8 bytes).
    Removing stm32f10x_flash.o(.text.FLASH_EnableWriteProtection), (180 bytes).
    Removing stm32f10x_flash.o(.ARM.exidx.text.FLASH_EnableWriteProtection), (8 bytes).
    Removing stm32f10x_flash.o(.text.FLASH_ReadOutProtection), (154 bytes).
    Removing stm32f10x_flash.o(.ARM.exidx.text.FLASH_ReadOutProtection), (8 bytes).
    Removing stm32f10x_flash.o(.text.FLASH_UserOptionByteConfig), (108 bytes).
    Removing stm32f10x_flash.o(.ARM.exidx.text.FLASH_UserOptionByteConfig), (8 bytes).
    Removing stm32f10x_flash.o(.text.FLASH_GetUserOptionByte), (14 bytes).
    Removing stm32f10x_flash.o(.ARM.exidx.text.FLASH_GetUserOptionByte), (8 bytes).
    Removing stm32f10x_flash.o(.text.FLASH_GetWriteProtectionOptionByte), (12 bytes).
    Removing stm32f10x_flash.o(.ARM.exidx.text.FLASH_GetWriteProtectionOptionByte), (8 bytes).
    Removing stm32f10x_flash.o(.text.FLASH_GetPrefetchBufferStatus), (16 bytes).
    Removing stm32f10x_flash.o(.ARM.exidx.text.FLASH_GetPrefetchBufferStatus), (8 bytes).
    Removing stm32f10x_flash.o(.text.FLASH_ITConfig), (24 bytes).
    Removing stm32f10x_flash.o(.ARM.exidx.text.FLASH_ITConfig), (8 bytes).
    Removing stm32f10x_flash.o(.text.FLASH_GetFlagStatus), (30 bytes).
    Removing stm32f10x_flash.o(.ARM.exidx.text.FLASH_GetFlagStatus), (8 bytes).
    Removing stm32f10x_flash.o(.text.FLASH_ClearFlag), (12 bytes).
    Removing stm32f10x_flash.o(.ARM.exidx.text.FLASH_ClearFlag), (8 bytes).
    Removing stm32f10x_flash.o(.text.FLASH_GetStatus), (42 bytes).
    Removing stm32f10x_flash.o(.ARM.exidx.text.FLASH_GetStatus), (8 bytes).
    Removing stm32f10x_flash.o(.text.FLASH_GetBank1Status), (42 bytes).
    Removing stm32f10x_flash.o(.ARM.exidx.text.FLASH_GetBank1Status), (8 bytes).
    Removing stm32f10x_gpio.o(.text), (0 bytes).
    Removing stm32f10x_gpio.o(.text.GPIO_DeInit), (76 bytes).
    Removing stm32f10x_gpio.o(.ARM.exidx.text.GPIO_DeInit), (8 bytes).
    Removing stm32f10x_gpio.o(.text.GPIO_AFIODeInit), (20 bytes).
    Removing stm32f10x_gpio.o(.ARM.exidx.text.GPIO_AFIODeInit), (8 bytes).
    Removing stm32f10x_gpio.o(.ARM.exidx.text.GPIO_Init), (8 bytes).
    Removing stm32f10x_gpio.o(.text.GPIO_StructInit), (12 bytes).
    Removing stm32f10x_gpio.o(.ARM.exidx.text.GPIO_StructInit), (8 bytes).
    Removing stm32f10x_gpio.o(.text.GPIO_ReadInputDataBit), (10 bytes).
    Removing stm32f10x_gpio.o(.ARM.exidx.text.GPIO_ReadInputDataBit), (8 bytes).
    Removing stm32f10x_gpio.o(.text.GPIO_ReadInputData), (6 bytes).
    Removing stm32f10x_gpio.o(.ARM.exidx.text.GPIO_ReadInputData), (8 bytes).
    Removing stm32f10x_gpio.o(.text.GPIO_ReadOutputDataBit), (10 bytes).
    Removing stm32f10x_gpio.o(.ARM.exidx.text.GPIO_ReadOutputDataBit), (8 bytes).
    Removing stm32f10x_gpio.o(.text.GPIO_ReadOutputData), (6 bytes).
    Removing stm32f10x_gpio.o(.ARM.exidx.text.GPIO_ReadOutputData), (8 bytes).
    Removing stm32f10x_gpio.o(.text.GPIO_SetBits), (4 bytes).
    Removing stm32f10x_gpio.o(.ARM.exidx.text.GPIO_SetBits), (8 bytes).
    Removing stm32f10x_gpio.o(.text.GPIO_ResetBits), (4 bytes).
    Removing stm32f10x_gpio.o(.ARM.exidx.text.GPIO_ResetBits), (8 bytes).
    Removing stm32f10x_gpio.o(.text.GPIO_WriteBit), (12 bytes).
    Removing stm32f10x_gpio.o(.ARM.exidx.text.GPIO_WriteBit), (8 bytes).
    Removing stm32f10x_gpio.o(.text.GPIO_Write), (4 bytes).
    Removing stm32f10x_gpio.o(.ARM.exidx.text.GPIO_Write), (8 bytes).
    Removing stm32f10x_gpio.o(.text.GPIO_PinLockConfig), (16 bytes).
    Removing stm32f10x_gpio.o(.ARM.exidx.text.GPIO_PinLockConfig), (8 bytes).
    Removing stm32f10x_gpio.o(.text.GPIO_EventOutputConfig), (30 bytes).
    Removing stm32f10x_gpio.o(.ARM.exidx.text.GPIO_EventOutputConfig), (8 bytes).
    Removing stm32f10x_gpio.o(.text.GPIO_EventOutputCmd), (10 bytes).
    Removing stm32f10x_gpio.o(.ARM.exidx.text.GPIO_EventOutputCmd), (8 bytes).
    Removing stm32f10x_gpio.o(.ARM.exidx.text.GPIO_PinRemapConfig), (8 bytes).
    Removing stm32f10x_gpio.o(.text.GPIO_EXTILineConfig), (46 bytes).
    Removing stm32f10x_gpio.o(.ARM.exidx.text.GPIO_EXTILineConfig), (8 bytes).
    Removing stm32f10x_gpio.o(.text.GPIO_ETH_MediaInterfaceConfig), (10 bytes).
    Removing stm32f10x_gpio.o(.ARM.exidx.text.GPIO_ETH_MediaInterfaceConfig), (8 bytes).
    Removing stm32f10x_rcc.o(.text), (0 bytes).
    Removing stm32f10x_rcc.o(.text.RCC_DeInit), (66 bytes).
    Removing stm32f10x_rcc.o(.ARM.exidx.text.RCC_DeInit), (8 bytes).
    Removing stm32f10x_rcc.o(.text.RCC_HSEConfig), (50 bytes).
    Removing stm32f10x_rcc.o(.ARM.exidx.text.RCC_HSEConfig), (8 bytes).
    Removing stm32f10x_rcc.o(.text.RCC_WaitForHSEStartUp), (48 bytes).
    Removing stm32f10x_rcc.o(.ARM.exidx.text.RCC_WaitForHSEStartUp), (8 bytes).
    Removing stm32f10x_rcc.o(.text.RCC_GetFlagStatus), (42 bytes).
    Removing stm32f10x_rcc.o(.ARM.exidx.text.RCC_GetFlagStatus), (8 bytes).
    Removing stm32f10x_rcc.o(.text.RCC_AdjustHSICalibrationValue), (22 bytes).
    Removing stm32f10x_rcc.o(.ARM.exidx.text.RCC_AdjustHSICalibrationValue), (8 bytes).
    Removing stm32f10x_rcc.o(.text.RCC_HSICmd), (10 bytes).
    Removing stm32f10x_rcc.o(.ARM.exidx.text.RCC_HSICmd), (8 bytes).
    Removing stm32f10x_rcc.o(.text.RCC_PLLConfig), (22 bytes).
    Removing stm32f10x_rcc.o(.ARM.exidx.text.RCC_PLLConfig), (8 bytes).
    Removing stm32f10x_rcc.o(.text.RCC_PLLCmd), (10 bytes).
    Removing stm32f10x_rcc.o(.ARM.exidx.text.RCC_PLLCmd), (8 bytes).
    Removing stm32f10x_rcc.o(.text.RCC_SYSCLKConfig), (20 bytes).
    Removing stm32f10x_rcc.o(.ARM.exidx.text.RCC_SYSCLKConfig), (8 bytes).
    Removing stm32f10x_rcc.o(.text.RCC_GetSYSCLKSource), (16 bytes).
    Removing stm32f10x_rcc.o(.ARM.exidx.text.RCC_GetSYSCLKSource), (8 bytes).
    Removing stm32f10x_rcc.o(.text.RCC_HCLKConfig), (20 bytes).
    Removing stm32f10x_rcc.o(.ARM.exidx.text.RCC_HCLKConfig), (8 bytes).
    Removing stm32f10x_rcc.o(.text.RCC_PCLK1Config), (20 bytes).
    Removing stm32f10x_rcc.o(.ARM.exidx.text.RCC_PCLK1Config), (8 bytes).
    Removing stm32f10x_rcc.o(.text.RCC_PCLK2Config), (22 bytes).
    Removing stm32f10x_rcc.o(.ARM.exidx.text.RCC_PCLK2Config), (8 bytes).
    Removing stm32f10x_rcc.o(.text.RCC_ITConfig), (24 bytes).
    Removing stm32f10x_rcc.o(.ARM.exidx.text.RCC_ITConfig), (8 bytes).
    Removing stm32f10x_rcc.o(.text.RCC_USBCLKConfig), (10 bytes).
    Removing stm32f10x_rcc.o(.ARM.exidx.text.RCC_USBCLKConfig), (8 bytes).
    Removing stm32f10x_rcc.o(.ARM.exidx.text.RCC_ADCCLKConfig), (8 bytes).
    Removing stm32f10x_rcc.o(.text.RCC_LSEConfig), (30 bytes).
    Removing stm32f10x_rcc.o(.ARM.exidx.text.RCC_LSEConfig), (8 bytes).
    Removing stm32f10x_rcc.o(.text.RCC_LSICmd), (12 bytes).
    Removing stm32f10x_rcc.o(.ARM.exidx.text.RCC_LSICmd), (8 bytes).
    Removing stm32f10x_rcc.o(.text.RCC_RTCCLKConfig), (16 bytes).
    Removing stm32f10x_rcc.o(.ARM.exidx.text.RCC_RTCCLKConfig), (8 bytes).
    Removing stm32f10x_rcc.o(.text.RCC_RTCCLKCmd), (12 bytes).
    Removing stm32f10x_rcc.o(.ARM.exidx.text.RCC_RTCCLKCmd), (8 bytes).
    Removing stm32f10x_rcc.o(.ARM.exidx.text.RCC_GetClocksFreq), (8 bytes).
    Removing stm32f10x_rcc.o(.ARM.exidx.text.RCC_AHBPeriphClockCmd), (8 bytes).
    Removing stm32f10x_rcc.o(.ARM.exidx.text.RCC_APB2PeriphClockCmd), (8 bytes).
    Removing stm32f10x_rcc.o(.ARM.exidx.text.RCC_APB1PeriphClockCmd), (8 bytes).
    Removing stm32f10x_rcc.o(.text.RCC_APB2PeriphResetCmd), (24 bytes).
    Removing stm32f10x_rcc.o(.ARM.exidx.text.RCC_APB2PeriphResetCmd), (8 bytes).
    Removing stm32f10x_rcc.o(.text.RCC_APB1PeriphResetCmd), (24 bytes).
    Removing stm32f10x_rcc.o(.ARM.exidx.text.RCC_APB1PeriphResetCmd), (8 bytes).
    Removing stm32f10x_rcc.o(.text.RCC_BackupResetCmd), (12 bytes).
    Removing stm32f10x_rcc.o(.ARM.exidx.text.RCC_BackupResetCmd), (8 bytes).
    Removing stm32f10x_rcc.o(.text.RCC_ClockSecuritySystemCmd), (10 bytes).
    Removing stm32f10x_rcc.o(.ARM.exidx.text.RCC_ClockSecuritySystemCmd), (8 bytes).
    Removing stm32f10x_rcc.o(.text.RCC_MCOConfig), (12 bytes).
    Removing stm32f10x_rcc.o(.ARM.exidx.text.RCC_MCOConfig), (8 bytes).
    Removing stm32f10x_rcc.o(.text.RCC_ClearFlag), (18 bytes).
    Removing stm32f10x_rcc.o(.ARM.exidx.text.RCC_ClearFlag), (8 bytes).
    Removing stm32f10x_rcc.o(.text.RCC_GetITStatus), (18 bytes).
    Removing stm32f10x_rcc.o(.ARM.exidx.text.RCC_GetITStatus), (8 bytes).
    Removing stm32f10x_rcc.o(.text.RCC_ClearITPendingBit), (12 bytes).
    Removing stm32f10x_rcc.o(.ARM.exidx.text.RCC_ClearITPendingBit), (8 bytes).
    Removing stm32f10x_usart.o(.text), (0 bytes).
    Removing stm32f10x_usart.o(.text.USART_DeInit), (174 bytes).
    Removing stm32f10x_usart.o(.ARM.exidx.text.USART_DeInit), (8 bytes).
    Removing stm32f10x_usart.o(.ARM.exidx.text.USART_Init), (8 bytes).
    Removing stm32f10x_usart.o(.text.USART_StructInit), (18 bytes).
    Removing stm32f10x_usart.o(.ARM.exidx.text.USART_StructInit), (8 bytes).
    Removing stm32f10x_usart.o(.text.USART_ClockInit), (34 bytes).
    Removing stm32f10x_usart.o(.ARM.exidx.text.USART_ClockInit), (8 bytes).
    Removing stm32f10x_usart.o(.text.USART_ClockStructInit), (8 bytes).
    Removing stm32f10x_usart.o(.ARM.exidx.text.USART_ClockStructInit), (8 bytes).
    Removing stm32f10x_usart.o(.ARM.exidx.text.USART_Cmd), (8 bytes).
    Removing stm32f10x_usart.o(.text.USART_ITConfig), (46 bytes).
    Removing stm32f10x_usart.o(.ARM.exidx.text.USART_ITConfig), (8 bytes).
    Removing stm32f10x_usart.o(.text.USART_DMACmd), (16 bytes).
    Removing stm32f10x_usart.o(.ARM.exidx.text.USART_DMACmd), (8 bytes).
    Removing stm32f10x_usart.o(.text.USART_SetAddress), (16 bytes).
    Removing stm32f10x_usart.o(.ARM.exidx.text.USART_SetAddress), (8 bytes).
    Removing stm32f10x_usart.o(.text.USART_WakeUpConfig), (16 bytes).
    Removing stm32f10x_usart.o(.ARM.exidx.text.USART_WakeUpConfig), (8 bytes).
    Removing stm32f10x_usart.o(.text.USART_ReceiverWakeUpCmd), (20 bytes).
    Removing stm32f10x_usart.o(.ARM.exidx.text.USART_ReceiverWakeUpCmd), (8 bytes).
    Removing stm32f10x_usart.o(.text.USART_LINBreakDetectLengthConfig), (16 bytes).
    Removing stm32f10x_usart.o(.ARM.exidx.text.USART_LINBreakDetectLengthConfig), (8 bytes).
    Removing stm32f10x_usart.o(.text.USART_LINCmd), (20 bytes).
    Removing stm32f10x_usart.o(.ARM.exidx.text.USART_LINCmd), (8 bytes).
    Removing stm32f10x_usart.o(.text.USART_SendData), (8 bytes).
    Removing stm32f10x_usart.o(.ARM.exidx.text.USART_SendData), (8 bytes).
    Removing stm32f10x_usart.o(.text.USART_ReceiveData), (8 bytes).
    Removing stm32f10x_usart.o(.ARM.exidx.text.USART_ReceiveData), (8 bytes).
    Removing stm32f10x_usart.o(.text.USART_SendBreak), (10 bytes).
    Removing stm32f10x_usart.o(.ARM.exidx.text.USART_SendBreak), (8 bytes).
    Removing stm32f10x_usart.o(.text.USART_SetGuardTime), (16 bytes).
    Removing stm32f10x_usart.o(.ARM.exidx.text.USART_SetGuardTime), (8 bytes).
    Removing stm32f10x_usart.o(.text.USART_SetPrescaler), (16 bytes).
    Removing stm32f10x_usart.o(.ARM.exidx.text.USART_SetPrescaler), (8 bytes).
    Removing stm32f10x_usart.o(.text.USART_SmartCardCmd), (20 bytes).
    Removing stm32f10x_usart.o(.ARM.exidx.text.USART_SmartCardCmd), (8 bytes).
    Removing stm32f10x_usart.o(.text.USART_SmartCardNACKCmd), (20 bytes).
    Removing stm32f10x_usart.o(.ARM.exidx.text.USART_SmartCardNACKCmd), (8 bytes).
    Removing stm32f10x_usart.o(.text.USART_HalfDuplexCmd), (20 bytes).
    Removing stm32f10x_usart.o(.ARM.exidx.text.USART_HalfDuplexCmd), (8 bytes).
    Removing stm32f10x_usart.o(.text.USART_OverSampling8Cmd), (20 bytes).
    Removing stm32f10x_usart.o(.ARM.exidx.text.USART_OverSampling8Cmd), (8 bytes).
    Removing stm32f10x_usart.o(.text.USART_OneBitMethodCmd), (20 bytes).
    Removing stm32f10x_usart.o(.ARM.exidx.text.USART_OneBitMethodCmd), (8 bytes).
    Removing stm32f10x_usart.o(.text.USART_IrDAConfig), (16 bytes).
    Removing stm32f10x_usart.o(.ARM.exidx.text.USART_IrDAConfig), (8 bytes).
    Removing stm32f10x_usart.o(.text.USART_IrDACmd), (20 bytes).
    Removing stm32f10x_usart.o(.ARM.exidx.text.USART_IrDACmd), (8 bytes).
    Removing stm32f10x_usart.o(.text.USART_GetFlagStatus), (10 bytes).
    Removing stm32f10x_usart.o(.ARM.exidx.text.USART_GetFlagStatus), (8 bytes).
    Removing stm32f10x_usart.o(.text.USART_ClearFlag), (6 bytes).
    Removing stm32f10x_usart.o(.ARM.exidx.text.USART_ClearFlag), (8 bytes).
    Removing stm32f10x_usart.o(.text.USART_GetITStatus), (48 bytes).
    Removing stm32f10x_usart.o(.ARM.exidx.text.USART_GetITStatus), (8 bytes).
    Removing stm32f10x_usart.o(.text.USART_ClearITPendingBit), (14 bytes).
    Removing stm32f10x_usart.o(.ARM.exidx.text.USART_ClearITPendingBit), (8 bytes).
    Removing system_stm32f10x.o(.text), (0 bytes).
    Removing system_stm32f10x.o(.ARM.exidx.text.SystemInit), (8 bytes).
    Removing system_stm32f10x.o(.ARM.exidx.text.SetSysClock), (8 bytes).
    Removing system_stm32f10x.o(.ARM.exidx.text.SystemCoreClockUpdate), (8 bytes).
    Removing system_stm32f10x.o(.ARM.exidx.text.SetSysClockTo72), (8 bytes).

377 unused section(s) (total 5942 bytes) removed from the image.

==============================================================================

Image Symbol Table

    Local Symbols

    Symbol Name                              Value     Ov Type        Size  Object(Section)

    ../clib/angel/boardlib.s                 0x00000000   Number         0  boardinit1.o ABSOLUTE
    ../clib/angel/boardlib.s                 0x00000000   Number         0  boardinit2.o ABSOLUTE
    ../clib/angel/boardlib.s                 0x00000000   Number         0  boardinit3.o ABSOLUTE
    ../clib/angel/boardlib.s                 0x00000000   Number         0  boardshut.o ABSOLUTE
    ../clib/angel/handlers.s                 0x00000000   Number         0  __scatter_copy.o ABSOLUTE
    ../clib/angel/handlers.s                 0x00000000   Number         0  __scatter_zi.o ABSOLUTE
    ../clib/angel/kernel.s                   0x00000000   Number         0  __rtentry.o ABSOLUTE
    ../clib/angel/kernel.s                   0x00000000   Number         0  __rtentry2.o ABSOLUTE
    ../clib/angel/kernel.s                   0x00000000   Number         0  __rtentry4.o ABSOLUTE
    ../clib/angel/kernel.s                   0x00000000   Number         0  rtexit.o ABSOLUTE
    ../clib/angel/kernel.s                   0x00000000   Number         0  rtexit2.o ABSOLUTE
    ../clib/angel/rt.s                       0x00000000   Number         0  rt_raise.o ABSOLUTE
    ../clib/angel/scatter.s                  0x00000000   Number         0  __scatter.o ABSOLUTE
    ../clib/angel/startup.s                  0x00000000   Number         0  __main.o ABSOLUTE
    ../clib/angel/sys.s                      0x00000000   Number         0  sys_stackheap_outer.o ABSOLUTE
    ../clib/angel/sys.s                      0x00000000   Number         0  libspace.o ABSOLUTE
    ../clib/angel/sys.s                      0x00000000   Number         0  use_no_semi.o ABSOLUTE
    ../clib/angel/sys.s                      0x00000000   Number         0  indicate_semi.o ABSOLUTE
    ../clib/angel/sysapp.c                   0x00000000   Number         0  sys_exit.o ABSOLUTE
    ../clib/angel/sysapp.c                   0x00000000   Number         0  sys_exit_hlt.o ABSOLUTE
    ../clib/angel/sysapp.c                   0x00000000   Number         0  sys_command.o ABSOLUTE
    ../clib/angel/sysapp.c                   0x00000000   Number         0  sys_command_hlt.o ABSOLUTE
    ../clib/angel/sysapp.c                   0x00000000   Number         0  sys_wrch.o ABSOLUTE
    ../clib/angel/sysapp.c                   0x00000000   Number         0  sys_wrch_hlt.o ABSOLUTE
    ../clib/armsys.c                         0x00000000   Number         0  argv_veneer.o ABSOLUTE
    ../clib/armsys.c                         0x00000000   Number         0  argv_veneer.o ABSOLUTE
    ../clib/armsys.c                         0x00000000   Number         0  _get_argv_nomalloc.o ABSOLUTE
    ../clib/armsys.c                         0x00000000   Number         0  no_argv.o ABSOLUTE
    ../clib/heapalloc.c                      0x00000000   Number         0  hrguard.o ABSOLUTE
    ../clib/heapaux.c                        0x00000000   Number         0  heapauxi.o ABSOLUTE
    ../clib/libinit.s                        0x00000000   Number         0  libinit.o ABSOLUTE
    ../clib/libinit.s                        0x00000000   Number         0  libinit2.o ABSOLUTE
    ../clib/libinit.s                        0x00000000   Number         0  libshutdown.o ABSOLUTE
    ../clib/libinit.s                        0x00000000   Number         0  libshutdown2.o ABSOLUTE
    ../clib/memcpset.s                       0x00000000   Number         0  rt_memclr_w.o ABSOLUTE
    ../clib/signal.c                         0x00000000   Number         0  defsig_rtmem_outer.o ABSOLUTE
    ../clib/signal.c                         0x00000000   Number         0  defsig_rtmem_formal.o ABSOLUTE
    ../clib/signal.c                         0x00000000   Number         0  defsig_exit.o ABSOLUTE
    ../clib/signal.c                         0x00000000   Number         0  defsig_rtmem_inner.o ABSOLUTE
    ../clib/signal.c                         0x00000000   Number         0  __raise.o ABSOLUTE
    ../clib/signal.c                         0x00000000   Number         0  defsig_general.o ABSOLUTE
    ../clib/signal.c                         0x00000000   Number         0  defsig_abrt_inner.o ABSOLUTE
    ../clib/signal.c                         0x00000000   Number         0  defsig_fpe_inner.o ABSOLUTE
    ../clib/signal.c                         0x00000000   Number         0  defsig_rtred_inner.o ABSOLUTE
    ../clib/signal.c                         0x00000000   Number         0  defsig_stak_inner.o ABSOLUTE
    ../clib/signal.c                         0x00000000   Number         0  defsig_pvfn_inner.o ABSOLUTE
    ../clib/signal.c                         0x00000000   Number         0  defsig_cppl_inner.o ABSOLUTE
    ../clib/signal.c                         0x00000000   Number         0  defsig_segv_inner.o ABSOLUTE
    ../clib/signal.c                         0x00000000   Number         0  defsig_other.o ABSOLUTE
    ../clib/signal.s                         0x00000000   Number         0  defsig.o ABSOLUTE
    ../clib/stdlib.c                         0x00000000   Number         0  exit.o ABSOLUTE
    ../clib/string.c                         0x00000000   Number         0  strlen.o ABSOLUTE
    ../fplib/fpinit.s                        0x00000000   Number         0  fpinit.o ABSOLUTE
    ../fplib/fpinit_empty.s                  0x00000000   Number         0  fpinit_empty.o ABSOLUTE
    RTE/Device/STM32F103RB/startup_stm32f10x_md.s 0x00000000   Number         0  startup_stm32f10x_md.o ABSOLUTE
    dc.s                                     0x00000000   Number         0  dc.o ABSOLUTE
    delay.c                                  0x00000000   Number         0  delay.o ABSOLUTE
    lcd.c                                    0x00000000   Number         0  lcd.o ABSOLUTE
    main.c                                   0x00000000   Number         0  main.o ABSOLUTE
    misc.c                                   0x00000000   Number         0  misc.o ABSOLUTE
    stm32f10x_adc.c                          0x00000000   Number         0  stm32f10x_adc.o ABSOLUTE
    stm32f10x_dma.c                          0x00000000   Number         0  stm32f10x_dma.o ABSOLUTE
    stm32f10x_flash.c                        0x00000000   Number         0  stm32f10x_flash.o ABSOLUTE
    stm32f10x_gpio.c                         0x00000000   Number         0  stm32f10x_gpio.o ABSOLUTE
    stm32f10x_rcc.c                          0x00000000   Number         0  stm32f10x_rcc.o ABSOLUTE
    stm32f10x_usart.c                        0x00000000   Number         0  stm32f10x_usart.o ABSOLUTE
    system_stm32f10x.c                       0x00000000   Number         0  system_stm32f10x.o ABSOLUTE
    RESET                                    0x08000000   Section      236  startup_stm32f10x_md.o(RESET)
    !!!main                                  0x080000ec   Section        8  __main.o(!!!main)
    !!!scatter                               0x080000f4   Section       52  __scatter.o(!!!scatter)
    !!handler_copy                           0x08000128   Section       26  __scatter_copy.o(!!handler_copy)
    !!handler_zi                             0x08000144   Section       28  __scatter_zi.o(!!handler_zi)
    .ARM.Collect$$libinit$$00000000          0x08000160   Section        2  libinit.o(.ARM.Collect$$libinit$$00000000)
    .ARM.Collect$$libinit$$00000002          0x08000162   Section        0  libinit2.o(.ARM.Collect$$libinit$$00000002)
    .ARM.Collect$$libinit$$00000004          0x08000162   Section        0  libinit2.o(.ARM.Collect$$libinit$$00000004)
    .ARM.Collect$$libinit$$0000000A          0x08000162   Section        0  libinit2.o(.ARM.Collect$$libinit$$0000000A)
    .ARM.Collect$$libinit$$0000000C          0x08000162   Section        0  libinit2.o(.ARM.Collect$$libinit$$0000000C)
    .ARM.Collect$$libinit$$0000000E          0x08000162   Section        0  libinit2.o(.ARM.Collect$$libinit$$0000000E)
    .ARM.Collect$$libinit$$00000011          0x08000162   Section        0  libinit2.o(.ARM.Collect$$libinit$$00000011)
    .ARM.Collect$$libinit$$00000013          0x08000162   Section        0  libinit2.o(.ARM.Collect$$libinit$$00000013)
    .ARM.Collect$$libinit$$00000015          0x08000162   Section        0  libinit2.o(.ARM.Collect$$libinit$$00000015)
    .ARM.Collect$$libinit$$00000017          0x08000162   Section        0  libinit2.o(.ARM.Collect$$libinit$$00000017)
    .ARM.Collect$$libinit$$00000019          0x08000162   Section        0  libinit2.o(.ARM.Collect$$libinit$$00000019)
    .ARM.Collect$$libinit$$0000001B          0x08000162   Section        0  libinit2.o(.ARM.Collect$$libinit$$0000001B)
    .ARM.Collect$$libinit$$0000001D          0x08000162   Section        0  libinit2.o(.ARM.Collect$$libinit$$0000001D)
    .ARM.Collect$$libinit$$0000001F          0x08000162   Section        0  libinit2.o(.ARM.Collect$$libinit$$0000001F)
    .ARM.Collect$$libinit$$00000021          0x08000162   Section        0  libinit2.o(.ARM.Collect$$libinit$$00000021)
    .ARM.Collect$$libinit$$00000023          0x08000162   Section        0  libinit2.o(.ARM.Collect$$libinit$$00000023)
    .ARM.Collect$$libinit$$00000025          0x08000162   Section        0  libinit2.o(.ARM.Collect$$libinit$$00000025)
    .ARM.Collect$$libinit$$0000002C          0x08000162   Section        0  libinit2.o(.ARM.Collect$$libinit$$0000002C)
    .ARM.Collect$$libinit$$0000002E          0x08000162   Section        0  libinit2.o(.ARM.Collect$$libinit$$0000002E)
    .ARM.Collect$$libinit$$00000030          0x08000162   Section        0  libinit2.o(.ARM.Collect$$libinit$$00000030)
    .ARM.Collect$$libinit$$00000032          0x08000162   Section        0  libinit2.o(.ARM.Collect$$libinit$$00000032)
    .ARM.Collect$$libinit$$00000033          0x08000162   Section        2  libinit2.o(.ARM.Collect$$libinit$$00000033)
    .ARM.Collect$$libshutdown$$00000000      0x08000164   Section        2  libshutdown.o(.ARM.Collect$$libshutdown$$00000000)
    .ARM.Collect$$libshutdown$$00000002      0x08000166   Section        0  libshutdown2.o(.ARM.Collect$$libshutdown$$00000002)
    .ARM.Collect$$libshutdown$$00000004      0x08000166   Section        0  libshutdown2.o(.ARM.Collect$$libshutdown$$00000004)
    .ARM.Collect$$libshutdown$$00000007      0x08000166   Section        0  libshutdown2.o(.ARM.Collect$$libshutdown$$00000007)
    .ARM.Collect$$libshutdown$$0000000A      0x08000166   Section        0  libshutdown2.o(.ARM.Collect$$libshutdown$$0000000A)
    .ARM.Collect$$libshutdown$$0000000C      0x08000166   Section        0  libshutdown2.o(.ARM.Collect$$libshutdown$$0000000C)
    .ARM.Collect$$libshutdown$$0000000F      0x08000166   Section        0  libshutdown2.o(.ARM.Collect$$libshutdown$$0000000F)
    .ARM.Collect$$libshutdown$$00000010      0x08000166   Section        2  libshutdown2.o(.ARM.Collect$$libshutdown$$00000010)
    .ARM.Collect$$rtentry$$00000000          0x08000168   Section        0  __rtentry.o(.ARM.Collect$$rtentry$$00000000)
    .ARM.Collect$$rtentry$$00000002          0x08000168   Section        0  __rtentry2.o(.ARM.Collect$$rtentry$$00000002)
    .ARM.Collect$$rtentry$$00000004          0x08000168   Section        6  __rtentry4.o(.ARM.Collect$$rtentry$$00000004)
    .ARM.Collect$$rtentry$$00000009          0x0800016e   Section        0  __rtentry2.o(.ARM.Collect$$rtentry$$00000009)
    .ARM.Collect$$rtentry$$0000000A          0x0800016e   Section        4  __rtentry2.o(.ARM.Collect$$rtentry$$0000000A)
    .ARM.Collect$$rtentry$$0000000C          0x08000172   Section        0  __rtentry2.o(.ARM.Collect$$rtentry$$0000000C)
    .ARM.Collect$$rtentry$$0000000D          0x08000172   Section        8  __rtentry2.o(.ARM.Collect$$rtentry$$0000000D)
    .ARM.Collect$$rtexit$$00000000           0x0800017a   Section        2  rtexit.o(.ARM.Collect$$rtexit$$00000000)
    .ARM.Collect$$rtexit$$00000002           0x0800017c   Section        0  rtexit2.o(.ARM.Collect$$rtexit$$00000002)
    .ARM.Collect$$rtexit$$00000003           0x0800017c   Section        4  rtexit2.o(.ARM.Collect$$rtexit$$00000003)
    .ARM.Collect$$rtexit$$00000004           0x08000180   Section        6  rtexit2.o(.ARM.Collect$$rtexit$$00000004)
    .text                                    0x08000188   Section       64  startup_stm32f10x_md.o(.text)
    .text                                    0x080001c8   Section        0  heapauxi.o(.text)
    .text                                    0x080001ce   Section       74  sys_stackheap_outer.o(.text)
    .text                                    0x08000218   Section        0  exit.o(.text)
    .text                                    0x0800022c   Section        8  libspace.o(.text)
    .text                                    0x08000234   Section        0  sys_exit.o(.text)
    .text                                    0x08000240   Section        2  use_no_semi.o(.text)
    .text                                    0x08000242   Section        0  indicate_semi.o(.text)
    [Anonymous Symbol]                       0x08000244   Section        0  stm32f10x_adc.o(.text.ADC_Cmd)
    [Anonymous Symbol]                       0x08000254   Section        0  stm32f10x_adc.o(.text.ADC_DMACmd)
    [Anonymous Symbol]                       0x08000268   Section        0  stm32f10x_adc.o(.text.ADC_GetCalibrationStatus)
    [Anonymous Symbol]                       0x08000270   Section        0  stm32f10x_adc.o(.text.ADC_GetResetCalibrationStatus)
    [Anonymous Symbol]                       0x08000278   Section        0  stm32f10x_adc.o(.text.ADC_Init)
    [Anonymous Symbol]                       0x080002cc   Section        0  stm32f10x_adc.o(.text.ADC_RegularChannelConfig)
    [Anonymous Symbol]                       0x08000330   Section        0  stm32f10x_adc.o(.text.ADC_ResetCalibration)
    [Anonymous Symbol]                       0x0800033c   Section        0  stm32f10x_adc.o(.text.ADC_SoftwareStartConvCmd)
    [Anonymous Symbol]                       0x08000350   Section        0  stm32f10x_adc.o(.text.ADC_StartCalibration)
    [Anonymous Symbol]                       0x0800035c   Section        0  stm32f10x_dma.o(.text.DMA_Cmd)
    [Anonymous Symbol]                       0x08000374   Section        0  stm32f10x_dma.o(.text.DMA_DeInit)
    [Anonymous Symbol]                       0x08000480   Section        0  stm32f10x_dma.o(.text.DMA_Init)
    [Anonymous Symbol]                       0x080004c8   Section        0  delay.o(.text.DelayInit)
    [Anonymous Symbol]                       0x080004ec   Section        0  delay.o(.text.DelayMs)
    [Anonymous Symbol]                       0x08000508   Section        0  delay.o(.text.DelayUs)
    [Anonymous Symbol]                       0x0800051c   Section        0  main.o(.text.GPIO_Configuration)
    [Anonymous Symbol]                       0x08000578   Section        0  stm32f10x_gpio.o(.text.GPIO_Init)
    [Anonymous Symbol]                       0x08000628   Section        0  stm32f10x_gpio.o(.text.GPIO_PinRemapConfig)
    [Anonymous Symbol]                       0x080006a4   Section        0  stm32f10x_rcc.o(.text.RCC_ADCCLKConfig)
    [Anonymous Symbol]                       0x080006b8   Section        0  stm32f10x_rcc.o(.text.RCC_AHBPeriphClockCmd)
    [Anonymous Symbol]                       0x080006d0   Section        0  stm32f10x_rcc.o(.text.RCC_APB1PeriphClockCmd)
    [Anonymous Symbol]                       0x080006e8   Section        0  stm32f10x_rcc.o(.text.RCC_APB2PeriphClockCmd)
    [Anonymous Symbol]                       0x08000700   Section        0  main.o(.text.RCC_Configuration)
    [Anonymous Symbol]                       0x08000720   Section        0  stm32f10x_rcc.o(.text.RCC_GetClocksFreq)
    SetSysClock                              0x080007c1   Thumb Code     8  system_stm32f10x.o(.text.SetSysClock)
    [Anonymous Symbol]                       0x080007c0   Section        0  system_stm32f10x.o(.text.SetSysClock)
    SetSysClockTo72                          0x080007c9   Thumb Code   190  system_stm32f10x.o(.text.SetSysClockTo72)
    [Anonymous Symbol]                       0x080007c8   Section        0  system_stm32f10x.o(.text.SetSysClockTo72)
    SysTick_Config                           0x08000889   Thumb Code    36  delay.o(.text.SysTick_Config)
    [Anonymous Symbol]                       0x08000888   Section        0  delay.o(.text.SysTick_Config)
    [Anonymous Symbol]                       0x080008ac   Section        0  delay.o(.text.SysTick_Handler)
    [Anonymous Symbol]                       0x080008c4   Section        0  system_stm32f10x.o(.text.SystemCoreClockUpdate)
    [Anonymous Symbol]                       0x08000934   Section        0  system_stm32f10x.o(.text.SystemInit)
    [Anonymous Symbol]                       0x0800098c   Section        0  stm32f10x_usart.o(.text.USART_Cmd)
    [Anonymous Symbol]                       0x080009a0   Section        0  stm32f10x_usart.o(.text.USART_Init)
    __NVIC_SetPriority                       0x08000a59   Thumb Code    14  delay.o(.text.__NVIC_SetPriority)
    [Anonymous Symbol]                       0x08000a58   Section        0  delay.o(.text.__NVIC_SetPriority)
    [Anonymous Symbol]                       0x08000a68   Section        0  main.o(.text.initDma)
    [Anonymous Symbol]                       0x08000b50   Section        0  main.o(.text.initUsart)
    [Anonymous Symbol]                       0x08000b8c   Section        0  lcd.o(.text.lcd16x2_clrscr)
    [Anonymous Symbol]                       0x08000b98   Section        0  lcd.o(.text.lcd16x2_create_custom_char)
    [Anonymous Symbol]                       0x08000bbc   Section        0  lcd.o(.text.lcd16x2_entry_inc)
    [Anonymous Symbol]                       0x08000bc8   Section        0  lcd.o(.text.lcd16x2_gotoxy)
    [Anonymous Symbol]                       0x08000bdc   Section        0  lcd.o(.text.lcd16x2_init)
    [Anonymous Symbol]                       0x08000cbc   Section        0  lcd.o(.text.lcd16x2_put_custom_char)
    lcd16x2_read                             0x08000ccd   Thumb Code   180  lcd.o(.text.lcd16x2_read)
    [Anonymous Symbol]                       0x08000ccc   Section        0  lcd.o(.text.lcd16x2_read)
    lcd16x2_toggle_e                         0x08000d81   Thumb Code    26  lcd.o(.text.lcd16x2_toggle_e)
    [Anonymous Symbol]                       0x08000d80   Section        0  lcd.o(.text.lcd16x2_toggle_e)
    lcd16x2_wait_busy                        0x08000d9d   Thumb Code    26  lcd.o(.text.lcd16x2_wait_busy)
    [Anonymous Symbol]                       0x08000d9c   Section        0  lcd.o(.text.lcd16x2_wait_busy)
    lcd16x2_write                            0x08000db9   Thumb Code   192  lcd.o(.text.lcd16x2_write)
    [Anonymous Symbol]                       0x08000db8   Section        0  lcd.o(.text.lcd16x2_write)
    [Anonymous Symbol]                       0x08000e78   Section        0  lcd.o(.text.lcd16x2_write_command)
    [Anonymous Symbol]                       0x08000e8c   Section        0  lcd.o(.text.lcd16x2_write_data)
    [Anonymous Symbol]                       0x08000ea0   Section        0  main.o(.text.main)
    ADCPrescTable                            0x08000f58   Data           4  stm32f10x_rcc.o(.rodata.ADCPrescTable)
    [Anonymous Symbol]                       0x08000f58   Section        0  stm32f10x_rcc.o(.rodata.ADCPrescTable)
    APBAHBPrescTable                         0x08000f6c   Data          16  stm32f10x_rcc.o(.rodata.APBAHBPrescTable)
    [Anonymous Symbol]                       0x08000f6c   Section        0  stm32f10x_rcc.o(.rodata.APBAHBPrescTable)
    .bss                                     0x20000028   Section       96  libspace.o(.bss)
    display_cursor_on_off_control            0x200000e4   Data           1  lcd.o(.bss.display_cursor_on_off_control)
    [Anonymous Symbol]                       0x200000e4   Section        0  lcd.o(.bss.display_cursor_on_off_control)
    usTicks                                  0x200000e8   Data           4  delay.o(.bss.usTicks)
    [Anonymous Symbol]                       0x200000e8   Section        0  delay.o(.bss.usTicks)
    Heap_Mem                                 0x200000f0   Data         512  startup_stm32f10x_md.o(HEAP)
    HEAP                                     0x200000f0   Section      512  startup_stm32f10x_md.o(HEAP)
    Stack_Mem                                0x200002f0   Data        1024  startup_stm32f10x_md.o(STACK)
    STACK                                    0x200002f0   Section     1024  startup_stm32f10x_md.o(STACK)
    __initial_sp                             0x200006f0   Data           0  startup_stm32f10x_md.o(STACK)

    Global Symbols

    Symbol Name                              Value     Ov Type        Size  Object(Section)

    BuildAttributes$$THM_ISAv4$P$D$K$B$S$PE$A:L22UL41UL21$X:L11$S22US41US21$IEEE1$IW$~IW$USESV6$~STKCKD$USESV7$~SHL$OTIME$ROPI$EBA8$UX$STANDARDLIB$REQ8$PRES8$EABIv2 0x00000000   Number         0  anon$$obj.o ABSOLUTE
    __fp_init_empty                          0x00000000   Number         0  fpinit_empty.o ABSOLUTE
    __ARM_exceptions_init                     - Undefined Weak Reference
    __alloca_initialize                       - Undefined Weak Reference
    __arm_preinit_                            - Undefined Weak Reference
    __cpp_initialize__aeabi_                  - Undefined Weak Reference
    __cxa_finalize                            - Undefined Weak Reference
    __rt_locale                               - Undefined Weak Reference
    __sigvec_lookup                           - Undefined Weak Reference
    _atexit_init                              - Undefined Weak Reference
    _call_atexit_fns                          - Undefined Weak Reference
    _clock_init                               - Undefined Weak Reference
    _fp_trap_init                             - Undefined Weak Reference
    _fp_trap_shutdown                         - Undefined Weak Reference
    _get_lc_collate                           - Undefined Weak Reference
    _get_lc_ctype                             - Undefined Weak Reference
    _get_lc_monetary                          - Undefined Weak Reference
    _get_lc_numeric                           - Undefined Weak Reference
    _get_lc_time                              - Undefined Weak Reference
    _getenv_init                              - Undefined Weak Reference
    _handle_redirection                       - Undefined Weak Reference
    _init_alloc                               - Undefined Weak Reference
    _init_user_alloc                          - Undefined Weak Reference
    _initio                                   - Undefined Weak Reference
    _rand_init                                - Undefined Weak Reference
    _signal_finish                            - Undefined Weak Reference
    _signal_init                              - Undefined Weak Reference
    _terminate_alloc                          - Undefined Weak Reference
    _terminate_user_alloc                     - Undefined Weak Reference
    _terminateio                              - Undefined Weak Reference
    __Vectors_Size                           0x000000ec   Number         0  startup_stm32f10x_md.o ABSOLUTE
    __Vectors                                0x08000000   Data           4  startup_stm32f10x_md.o(RESET)
    __Vectors_End                            0x080000ec   Data           0  startup_stm32f10x_md.o(RESET)
    __main                                   0x080000ed   Thumb Code     8  __main.o(!!!main)
    __scatterload                            0x080000f5   Thumb Code     0  __scatter.o(!!!scatter)
    __scatterload_rt2                        0x080000f5   Thumb Code    44  __scatter.o(!!!scatter)
    __scatterload_rt2_thumb_only             0x080000f5   Thumb Code     0  __scatter.o(!!!scatter)
    __scatterload_null                       0x08000103   Thumb Code     0  __scatter.o(!!!scatter)
    __scatterload_copy                       0x08000129   Thumb Code    26  __scatter_copy.o(!!handler_copy)
    __scatterload_zeroinit                   0x08000145   Thumb Code    28  __scatter_zi.o(!!handler_zi)
    __rt_lib_init                            0x08000161   Thumb Code     0  libinit.o(.ARM.Collect$$libinit$$00000000)
    __rt_lib_init_alloca_1                   0x08000163   Thumb Code     0  libinit2.o(.ARM.Collect$$libinit$$0000002E)
    __rt_lib_init_argv_1                     0x08000163   Thumb Code     0  libinit2.o(.ARM.Collect$$libinit$$0000002C)
    __rt_lib_init_atexit_1                   0x08000163   Thumb Code     0  libinit2.o(.ARM.Collect$$libinit$$0000001B)
    __rt_lib_init_clock_1                    0x08000163   Thumb Code     0  libinit2.o(.ARM.Collect$$libinit$$00000021)
    __rt_lib_init_cpp_1                      0x08000163   Thumb Code     0  libinit2.o(.ARM.Collect$$libinit$$00000032)
    __rt_lib_init_exceptions_1               0x08000163   Thumb Code     0  libinit2.o(.ARM.Collect$$libinit$$00000030)
    __rt_lib_init_fp_1                       0x08000163   Thumb Code     0  libinit2.o(.ARM.Collect$$libinit$$00000002)
    __rt_lib_init_fp_trap_1                  0x08000163   Thumb Code     0  libinit2.o(.ARM.Collect$$libinit$$0000001F)
    __rt_lib_init_getenv_1                   0x08000163   Thumb Code     0  libinit2.o(.ARM.Collect$$libinit$$00000023)
    __rt_lib_init_heap_1                     0x08000163   Thumb Code     0  libinit2.o(.ARM.Collect$$libinit$$0000000A)
    __rt_lib_init_lc_collate_1               0x08000163   Thumb Code     0  libinit2.o(.ARM.Collect$$libinit$$00000011)
    __rt_lib_init_lc_ctype_1                 0x08000163   Thumb Code     0  libinit2.o(.ARM.Collect$$libinit$$00000013)
    __rt_lib_init_lc_monetary_1              0x08000163   Thumb Code     0  libinit2.o(.ARM.Collect$$libinit$$00000015)
    __rt_lib_init_lc_numeric_1               0x08000163   Thumb Code     0  libinit2.o(.ARM.Collect$$libinit$$00000017)
    __rt_lib_init_lc_time_1                  0x08000163   Thumb Code     0  libinit2.o(.ARM.Collect$$libinit$$00000019)
    __rt_lib_init_preinit_1                  0x08000163   Thumb Code     0  libinit2.o(.ARM.Collect$$libinit$$00000004)
    __rt_lib_init_rand_1                     0x08000163   Thumb Code     0  libinit2.o(.ARM.Collect$$libinit$$0000000E)
    __rt_lib_init_return                     0x08000163   Thumb Code     0  libinit2.o(.ARM.Collect$$libinit$$00000033)
    __rt_lib_init_signal_1                   0x08000163   Thumb Code     0  libinit2.o(.ARM.Collect$$libinit$$0000001D)
    __rt_lib_init_stdio_1                    0x08000163   Thumb Code     0  libinit2.o(.ARM.Collect$$libinit$$00000025)
    __rt_lib_init_user_alloc_1               0x08000163   Thumb Code     0  libinit2.o(.ARM.Collect$$libinit$$0000000C)
    __rt_lib_shutdown                        0x08000165   Thumb Code     0  libshutdown.o(.ARM.Collect$$libshutdown$$00000000)
    __rt_lib_shutdown_cpp_1                  0x08000167   Thumb Code     0  libshutdown2.o(.ARM.Collect$$libshutdown$$00000002)
    __rt_lib_shutdown_fp_trap_1              0x08000167   Thumb Code     0  libshutdown2.o(.ARM.Collect$$libshutdown$$00000007)
    __rt_lib_shutdown_heap_1                 0x08000167   Thumb Code     0  libshutdown2.o(.ARM.Collect$$libshutdown$$0000000F)
    __rt_lib_shutdown_return                 0x08000167   Thumb Code     0  libshutdown2.o(.ARM.Collect$$libshutdown$$00000010)
    __rt_lib_shutdown_signal_1               0x08000167   Thumb Code     0  libshutdown2.o(.ARM.Collect$$libshutdown$$0000000A)
    __rt_lib_shutdown_stdio_1                0x08000167   Thumb Code     0  libshutdown2.o(.ARM.Collect$$libshutdown$$00000004)
    __rt_lib_shutdown_user_alloc_1           0x08000167   Thumb Code     0  libshutdown2.o(.ARM.Collect$$libshutdown$$0000000C)
    __rt_entry                               0x08000169   Thumb Code     0  __rtentry.o(.ARM.Collect$$rtentry$$00000000)
    __rt_entry_presh_1                       0x08000169   Thumb Code     0  __rtentry2.o(.ARM.Collect$$rtentry$$00000002)
    __rt_entry_sh                            0x08000169   Thumb Code     0  __rtentry4.o(.ARM.Collect$$rtentry$$00000004)
    __rt_entry_li                            0x0800016f   Thumb Code     0  __rtentry2.o(.ARM.Collect$$rtentry$$0000000A)
    __rt_entry_postsh_1                      0x0800016f   Thumb Code     0  __rtentry2.o(.ARM.Collect$$rtentry$$00000009)
    __rt_entry_main                          0x08000173   Thumb Code     0  __rtentry2.o(.ARM.Collect$$rtentry$$0000000D)
    __rt_entry_postli_1                      0x08000173   Thumb Code     0  __rtentry2.o(.ARM.Collect$$rtentry$$0000000C)
    __rt_exit                                0x0800017b   Thumb Code     0  rtexit.o(.ARM.Collect$$rtexit$$00000000)
    __rt_exit_ls                             0x0800017d   Thumb Code     0  rtexit2.o(.ARM.Collect$$rtexit$$00000003)
    __rt_exit_prels_1                        0x0800017d   Thumb Code     0  rtexit2.o(.ARM.Collect$$rtexit$$00000002)
    __rt_exit_exit                           0x08000181   Thumb Code     0  rtexit2.o(.ARM.Collect$$rtexit$$00000004)
    Reset_Handler                            0x08000189   Thumb Code     8  startup_stm32f10x_md.o(.text)
    NMI_Handler                              0x08000191   Thumb Code     2  startup_stm32f10x_md.o(.text)
    HardFault_Handler                        0x08000193   Thumb Code     2  startup_stm32f10x_md.o(.text)
    MemManage_Handler                        0x08000195   Thumb Code     2  startup_stm32f10x_md.o(.text)
    BusFault_Handler                         0x08000197   Thumb Code     2  startup_stm32f10x_md.o(.text)
    UsageFault_Handler                       0x08000199   Thumb Code     2  startup_stm32f10x_md.o(.text)
    SVC_Handler                              0x0800019b   Thumb Code     2  startup_stm32f10x_md.o(.text)
    DebugMon_Handler                         0x0800019d   Thumb Code     2  startup_stm32f10x_md.o(.text)
    PendSV_Handler                           0x0800019f   Thumb Code     2  startup_stm32f10x_md.o(.text)
    ADC1_2_IRQHandler                        0x080001a3   Thumb Code     0  startup_stm32f10x_md.o(.text)
    CAN1_RX1_IRQHandler                      0x080001a3   Thumb Code     0  startup_stm32f10x_md.o(.text)
    CAN1_SCE_IRQHandler                      0x080001a3   Thumb Code     0  startup_stm32f10x_md.o(.text)
    DMA1_Channel1_IRQHandler                 0x080001a3   Thumb Code     0  startup_stm32f10x_md.o(.text)
    DMA1_Channel2_IRQHandler                 0x080001a3   Thumb Code     0  startup_stm32f10x_md.o(.text)
    DMA1_Channel3_IRQHandler                 0x080001a3   Thumb Code     0  startup_stm32f10x_md.o(.text)
    DMA1_Channel4_IRQHandler                 0x080001a3   Thumb Code     0  startup_stm32f10x_md.o(.text)
    DMA1_Channel5_IRQHandler                 0x080001a3   Thumb Code     0  startup_stm32f10x_md.o(.text)
    DMA1_Channel6_IRQHandler                 0x080001a3   Thumb Code     0  startup_stm32f10x_md.o(.text)
    DMA1_Channel7_IRQHandler                 0x080001a3   Thumb Code     0  startup_stm32f10x_md.o(.text)
    EXTI0_IRQHandler                         0x080001a3   Thumb Code     0  startup_stm32f10x_md.o(.text)
    EXTI15_10_IRQHandler                     0x080001a3   Thumb Code     0  startup_stm32f10x_md.o(.text)
    EXTI1_IRQHandler                         0x080001a3   Thumb Code     0  startup_stm32f10x_md.o(.text)
    EXTI2_IRQHandler                         0x080001a3   Thumb Code     0  startup_stm32f10x_md.o(.text)
    EXTI3_IRQHandler                         0x080001a3   Thumb Code     0  startup_stm32f10x_md.o(.text)
    EXTI4_IRQHandler                         0x080001a3   Thumb Code     0  startup_stm32f10x_md.o(.text)
    EXTI9_5_IRQHandler                       0x080001a3   Thumb Code     0  startup_stm32f10x_md.o(.text)
    FLASH_IRQHandler                         0x080001a3   Thumb Code     0  startup_stm32f10x_md.o(.text)
    I2C1_ER_IRQHandler                       0x080001a3   Thumb Code     0  startup_stm32f10x_md.o(.text)
    I2C1_EV_IRQHandler                       0x080001a3   Thumb Code     0  startup_stm32f10x_md.o(.text)
    I2C2_ER_IRQHandler                       0x080001a3   Thumb Code     0  startup_stm32f10x_md.o(.text)
    I2C2_EV_IRQHandler                       0x080001a3   Thumb Code     0  startup_stm32f10x_md.o(.text)
    PVD_IRQHandler                           0x080001a3   Thumb Code     0  startup_stm32f10x_md.o(.text)
    RCC_IRQHandler                           0x080001a3   Thumb Code     0  startup_stm32f10x_md.o(.text)
    RTCAlarm_IRQHandler                      0x080001a3   Thumb Code     0  startup_stm32f10x_md.o(.text)
    RTC_IRQHandler                           0x080001a3   Thumb Code     0  startup_stm32f10x_md.o(.text)
    SPI1_IRQHandler                          0x080001a3   Thumb Code     0  startup_stm32f10x_md.o(.text)
    SPI2_IRQHandler                          0x080001a3   Thumb Code     0  startup_stm32f10x_md.o(.text)
    TAMPER_IRQHandler                        0x080001a3   Thumb Code     0  startup_stm32f10x_md.o(.text)
    TIM1_BRK_IRQHandler                      0x080001a3   Thumb Code     0  startup_stm32f10x_md.o(.text)
    TIM1_CC_IRQHandler                       0x080001a3   Thumb Code     0  startup_stm32f10x_md.o(.text)
    TIM1_TRG_COM_IRQHandler                  0x080001a3   Thumb Code     0  startup_stm32f10x_md.o(.text)
    TIM1_UP_IRQHandler                       0x080001a3   Thumb Code     0  startup_stm32f10x_md.o(.text)
    TIM2_IRQHandler                          0x080001a3   Thumb Code     0  startup_stm32f10x_md.o(.text)
    TIM3_IRQHandler                          0x080001a3   Thumb Code     0  startup_stm32f10x_md.o(.text)
    TIM4_IRQHandler                          0x080001a3   Thumb Code     0  startup_stm32f10x_md.o(.text)
    USART1_IRQHandler                        0x080001a3   Thumb Code     0  startup_stm32f10x_md.o(.text)
    USART2_IRQHandler                        0x080001a3   Thumb Code     0  startup_stm32f10x_md.o(.text)
    USART3_IRQHandler                        0x080001a3   Thumb Code     0  startup_stm32f10x_md.o(.text)
    USBWakeUp_IRQHandler                     0x080001a3   Thumb Code     0  startup_stm32f10x_md.o(.text)
    USB_HP_CAN1_TX_IRQHandler                0x080001a3   Thumb Code     0  startup_stm32f10x_md.o(.text)
    USB_LP_CAN1_RX0_IRQHandler               0x080001a3   Thumb Code     0  startup_stm32f10x_md.o(.text)
    WWDG_IRQHandler                          0x080001a3   Thumb Code     0  startup_stm32f10x_md.o(.text)
    __user_initial_stackheap                 0x080001a5   Thumb Code     0  startup_stm32f10x_md.o(.text)
    __use_two_region_memory                  0x080001c9   Thumb Code     2  heapauxi.o(.text)
    __rt_heap_escrow$2region                 0x080001cb   Thumb Code     2  heapauxi.o(.text)
    __rt_heap_expand$2region                 0x080001cd   Thumb Code     2  heapauxi.o(.text)
    __user_setup_stackheap                   0x080001cf   Thumb Code    74  sys_stackheap_outer.o(.text)
    exit                                     0x08000219   Thumb Code    18  exit.o(.text)
    __user_libspace                          0x0800022d   Thumb Code     8  libspace.o(.text)
    __user_perproc_libspace                  0x0800022d   Thumb Code     0  libspace.o(.text)
    __user_perthread_libspace                0x0800022d   Thumb Code     0  libspace.o(.text)
    _sys_exit                                0x08000235   Thumb Code     8  sys_exit.o(.text)
    __I$use$semihosting                      0x08000241   Thumb Code     0  use_no_semi.o(.text)
    __use_no_semihosting_swi                 0x08000241   Thumb Code     2  use_no_semi.o(.text)
    __semihosting_library_function           0x08000243   Thumb Code     0  indicate_semi.o(.text)
    ADC_Cmd                                  0x08000245   Thumb Code    16  stm32f10x_adc.o(.text.ADC_Cmd)
    ADC_DMACmd                               0x08000255   Thumb Code    18  stm32f10x_adc.o(.text.ADC_DMACmd)
    ADC_GetCalibrationStatus                 0x08000269   Thumb Code     8  stm32f10x_adc.o(.text.ADC_GetCalibrationStatus)
    ADC_GetResetCalibrationStatus            0x08000271   Thumb Code     8  stm32f10x_adc.o(.text.ADC_GetResetCalibrationStatus)
    ADC_Init                                 0x08000279   Thumb Code    84  stm32f10x_adc.o(.text.ADC_Init)
    ADC_RegularChannelConfig                 0x080002cd   Thumb Code    98  stm32f10x_adc.o(.text.ADC_RegularChannelConfig)
    ADC_ResetCalibration                     0x08000331   Thumb Code    10  stm32f10x_adc.o(.text.ADC_ResetCalibration)
    ADC_SoftwareStartConvCmd                 0x0800033d   Thumb Code    18  stm32f10x_adc.o(.text.ADC_SoftwareStartConvCmd)
    ADC_StartCalibration                     0x08000351   Thumb Code    10  stm32f10x_adc.o(.text.ADC_StartCalibration)
    DMA_Cmd                                  0x0800035d   Thumb Code    22  stm32f10x_dma.o(.text.DMA_Cmd)
    DMA_DeInit                               0x08000375   Thumb Code   268  stm32f10x_dma.o(.text.DMA_DeInit)
    DMA_Init                                 0x08000481   Thumb Code    72  stm32f10x_dma.o(.text.DMA_Init)
    DelayInit                                0x080004c9   Thumb Code    36  delay.o(.text.DelayInit)
    DelayMs                                  0x080004ed   Thumb Code    28  delay.o(.text.DelayMs)
    DelayUs                                  0x08000509   Thumb Code    20  delay.o(.text.DelayUs)
    GPIO_Configuration                       0x0800051d   Thumb Code    92  main.o(.text.GPIO_Configuration)
    GPIO_Init                                0x08000579   Thumb Code   176  stm32f10x_gpio.o(.text.GPIO_Init)
    GPIO_PinRemapConfig                      0x08000629   Thumb Code   122  stm32f10x_gpio.o(.text.GPIO_PinRemapConfig)
    RCC_ADCCLKConfig                         0x080006a5   Thumb Code    20  stm32f10x_rcc.o(.text.RCC_ADCCLKConfig)
    RCC_AHBPeriphClockCmd                    0x080006b9   Thumb Code    24  stm32f10x_rcc.o(.text.RCC_AHBPeriphClockCmd)
    RCC_APB1PeriphClockCmd                   0x080006d1   Thumb Code    24  stm32f10x_rcc.o(.text.RCC_APB1PeriphClockCmd)
    RCC_APB2PeriphClockCmd                   0x080006e9   Thumb Code    24  stm32f10x_rcc.o(.text.RCC_APB2PeriphClockCmd)
    RCC_Configuration                        0x08000701   Thumb Code    30  main.o(.text.RCC_Configuration)
    RCC_GetClocksFreq                        0x08000721   Thumb Code   160  stm32f10x_rcc.o(.text.RCC_GetClocksFreq)
    SysTick_Handler                          0x080008ad   Thumb Code    24  delay.o(.text.SysTick_Handler)
    SystemCoreClockUpdate                    0x080008c5   Thumb Code   110  system_stm32f10x.o(.text.SystemCoreClockUpdate)
    SystemInit                               0x08000935   Thumb Code    86  system_stm32f10x.o(.text.SystemInit)
    USART_Cmd                                0x0800098d   Thumb Code    20  stm32f10x_usart.o(.text.USART_Cmd)
    USART_Init                               0x080009a1   Thumb Code   182  stm32f10x_usart.o(.text.USART_Init)
    initDma                                  0x08000a69   Thumb Code   230  main.o(.text.initDma)
    initUsart                                0x08000b51   Thumb Code    60  main.o(.text.initUsart)
    lcd16x2_clrscr                           0x08000b8d   Thumb Code    10  lcd.o(.text.lcd16x2_clrscr)
    lcd16x2_create_custom_char               0x08000b99   Thumb Code    34  lcd.o(.text.lcd16x2_create_custom_char)
    lcd16x2_entry_inc                        0x08000bbd   Thumb Code    10  lcd.o(.text.lcd16x2_entry_inc)
    lcd16x2_gotoxy                           0x08000bc9   Thumb Code    20  lcd.o(.text.lcd16x2_gotoxy)
    lcd16x2_init                             0x08000bdd   Thumb Code   222  lcd.o(.text.lcd16x2_init)
    lcd16x2_put_custom_char                  0x08000cbd   Thumb Code    16  lcd.o(.text.lcd16x2_put_custom_char)
    lcd16x2_write_command                    0x08000e79   Thumb Code    18  lcd.o(.text.lcd16x2_write_command)
    lcd16x2_write_data                       0x08000e8d   Thumb Code    18  lcd.o(.text.lcd16x2_write_data)
    main                                     0x08000ea1   Thumb Code   184  main.o(.text.main)
    AHBPrescTable                            0x08000f5c   Data          16  system_stm32f10x.o(.rodata.AHBPrescTable)
    Region$$Table$$Base                      0x08000f7c   Number         0  anon$$obj.o(Region$$Table)
    Region$$Table$$Limit                     0x08000f9c   Number         0  anon$$obj.o(Region$$Table)
    SystemCoreClock                          0x20000000   Data           4  system_stm32f10x.o(.data.SystemCoreClock)
    man1                                     0x20000004   Data           8  main.o(.data.man1)
    man2                                     0x2000000c   Data           8  main.o(.data.man2)
    man3                                     0x20000014   Data           8  main.o(.data.man3)
    wall                                     0x2000001c   Data           8  main.o(.data.wall)
    __libspace_start                         0x20000028   Data          96  libspace.o(.bss)
    ADCConvertedValue                        0x20000088   Data           8  main.o(.bss.ADCConvertedValue)
    __temporary_stack_top$libspace           0x20000088   Data           0  libspace.o(.bss)
    ADC_InitStructure                        0x20000090   Data          20  main.o(.bss.ADC_InitStructure)
    DMA_InitStructure                        0x200000a4   Data          44  main.o(.bss.DMA_InitStructure)
    GPIO_InitStruct                          0x200000d0   Data           4  lcd.o(.bss.GPIO_InitStruct)
    USART_InitStructure                      0x200000d4   Data          16  main.o(.bss.USART_InitStructure)



==============================================================================

Memory Map of the image

  Image Entry point : 0x08000189

  Load Region LR_1 (Base: 0x08000000, Size: 0x00000fc0, Max: 0xffffffff, ABSOLUTE)

    Execution Region ER_RO (Exec base: 0x08000000, Load base: 0x08000000, Size: 0x00000f9c, Max: 0xffffffff, ABSOLUTE)

    Exec Addr    Load Addr    Size         Type   Attr      Idx    E Section Name        Object

    0x08000000   0x08000000   0x000000ec   Data   RO          502    RESET               startup_stm32f10x_md.o
    0x080000ec   0x080000ec   0x00000008   Code   RO          535  * !!!main             c_w.l(__main.o)
    0x080000f4   0x080000f4   0x00000034   Code   RO          698    !!!scatter          c_w.l(__scatter.o)
    0x08000128   0x08000128   0x0000001a   Code   RO          700    !!handler_copy      c_w.l(__scatter_copy.o)
    0x08000142   0x08000142   0x00000002   PAD
    0x08000144   0x08000144   0x0000001c   Code   RO          702    !!handler_zi        c_w.l(__scatter_zi.o)
    0x08000160   0x08000160   0x00000002   Code   RO          562    .ARM.Collect$$libinit$$00000000  c_w.l(libinit.o)
    0x08000162   0x08000162   0x00000000   Code   RO          569    .ARM.Collect$$libinit$$00000002  c_w.l(libinit2.o)
    0x08000162   0x08000162   0x00000000   Code   RO          571    .ARM.Collect$$libinit$$00000004  c_w.l(libinit2.o)
    0x08000162   0x08000162   0x00000000   Code   RO          574    .ARM.Collect$$libinit$$0000000A  c_w.l(libinit2.o)
    0x08000162   0x08000162   0x00000000   Code   RO          576    .ARM.Collect$$libinit$$0000000C  c_w.l(libinit2.o)
    0x08000162   0x08000162   0x00000000   Code   RO          578    .ARM.Collect$$libinit$$0000000E  c_w.l(libinit2.o)
    0x08000162   0x08000162   0x00000000   Code   RO          581    .ARM.Collect$$libinit$$00000011  c_w.l(libinit2.o)
    0x08000162   0x08000162   0x00000000   Code   RO          583    .ARM.Collect$$libinit$$00000013  c_w.l(libinit2.o)
    0x08000162   0x08000162   0x00000000   Code   RO          585    .ARM.Collect$$libinit$$00000015  c_w.l(libinit2.o)
    0x08000162   0x08000162   0x00000000   Code   RO          587    .ARM.Collect$$libinit$$00000017  c_w.l(libinit2.o)
    0x08000162   0x08000162   0x00000000   Code   RO          589    .ARM.Collect$$libinit$$00000019  c_w.l(libinit2.o)
    0x08000162   0x08000162   0x00000000   Code   RO          591    .ARM.Collect$$libinit$$0000001B  c_w.l(libinit2.o)
    0x08000162   0x08000162   0x00000000   Code   RO          593    .ARM.Collect$$libinit$$0000001D  c_w.l(libinit2.o)
    0x08000162   0x08000162   0x00000000   Code   RO          595    .ARM.Collect$$libinit$$0000001F  c_w.l(libinit2.o)
    0x08000162   0x08000162   0x00000000   Code   RO          597    .ARM.Collect$$libinit$$00000021  c_w.l(libinit2.o)
    0x08000162   0x08000162   0x00000000   Code   RO          599    .ARM.Collect$$libinit$$00000023  c_w.l(libinit2.o)
    0x08000162   0x08000162   0x00000000   Code   RO          601    .ARM.Collect$$libinit$$00000025  c_w.l(libinit2.o)
    0x08000162   0x08000162   0x00000000   Code   RO          605    .ARM.Collect$$libinit$$0000002C  c_w.l(libinit2.o)
    0x08000162   0x08000162   0x00000000   Code   RO          607    .ARM.Collect$$libinit$$0000002E  c_w.l(libinit2.o)
    0x08000162   0x08000162   0x00000000   Code   RO          609    .ARM.Collect$$libinit$$00000030  c_w.l(libinit2.o)
    0x08000162   0x08000162   0x00000000   Code   RO          611    .ARM.Collect$$libinit$$00000032  c_w.l(libinit2.o)
    0x08000162   0x08000162   0x00000002   Code   RO          612    .ARM.Collect$$libinit$$00000033  c_w.l(libinit2.o)
    0x08000164   0x08000164   0x00000002   Code   RO          634    .ARM.Collect$$libshutdown$$00000000  c_w.l(libshutdown.o)
    0x08000166   0x08000166   0x00000000   Code   RO          649    .ARM.Collect$$libshutdown$$00000002  c_w.l(libshutdown2.o)
    0x08000166   0x08000166   0x00000000   Code   RO          651    .ARM.Collect$$libshutdown$$00000004  c_w.l(libshutdown2.o)
    0x08000166   0x08000166   0x00000000   Code   RO          654    .ARM.Collect$$libshutdown$$00000007  c_w.l(libshutdown2.o)
    0x08000166   0x08000166   0x00000000   Code   RO          657    .ARM.Collect$$libshutdown$$0000000A  c_w.l(libshutdown2.o)
    0x08000166   0x08000166   0x00000000   Code   RO          659    .ARM.Collect$$libshutdown$$0000000C  c_w.l(libshutdown2.o)
    0x08000166   0x08000166   0x00000000   Code   RO          662    .ARM.Collect$$libshutdown$$0000000F  c_w.l(libshutdown2.o)
    0x08000166   0x08000166   0x00000002   Code   RO          663    .ARM.Collect$$libshutdown$$00000010  c_w.l(libshutdown2.o)
    0x08000168   0x08000168   0x00000000   Code   RO          537    .ARM.Collect$$rtentry$$00000000  c_w.l(__rtentry.o)
    0x08000168   0x08000168   0x00000000   Code   RO          539    .ARM.Collect$$rtentry$$00000002  c_w.l(__rtentry2.o)
    0x08000168   0x08000168   0x00000006   Code   RO          551    .ARM.Collect$$rtentry$$00000004  c_w.l(__rtentry4.o)
    0x0800016e   0x0800016e   0x00000000   Code   RO          541    .ARM.Collect$$rtentry$$00000009  c_w.l(__rtentry2.o)
    0x0800016e   0x0800016e   0x00000004   Code   RO          542    .ARM.Collect$$rtentry$$0000000A  c_w.l(__rtentry2.o)
    0x08000172   0x08000172   0x00000000   Code   RO          544    .ARM.Collect$$rtentry$$0000000C  c_w.l(__rtentry2.o)
    0x08000172   0x08000172   0x00000008   Code   RO          545    .ARM.Collect$$rtentry$$0000000D  c_w.l(__rtentry2.o)
    0x0800017a   0x0800017a   0x00000002   Code   RO          566    .ARM.Collect$$rtexit$$00000000  c_w.l(rtexit.o)
    0x0800017c   0x0800017c   0x00000000   Code   RO          614    .ARM.Collect$$rtexit$$00000002  c_w.l(rtexit2.o)
    0x0800017c   0x0800017c   0x00000004   Code   RO          615    .ARM.Collect$$rtexit$$00000003  c_w.l(rtexit2.o)
    0x08000180   0x08000180   0x00000006   Code   RO          616    .ARM.Collect$$rtexit$$00000004  c_w.l(rtexit2.o)
    0x08000186   0x08000186   0x00000002   PAD
    0x08000188   0x08000188   0x00000040   Code   RO          503  * .text               startup_stm32f10x_md.o
    0x080001c8   0x080001c8   0x00000006   Code   RO          533    .text               c_w.l(heapauxi.o)
    0x080001ce   0x080001ce   0x0000004a   Code   RO          553    .text               c_w.l(sys_stackheap_outer.o)
    0x08000218   0x08000218   0x00000012   Code   RO          555    .text               c_w.l(exit.o)
    0x0800022a   0x0800022a   0x00000002   PAD
    0x0800022c   0x0800022c   0x00000008   Code   RO          563    .text               c_w.l(libspace.o)
    0x08000234   0x08000234   0x0000000c   Code   RO          624    .text               c_w.l(sys_exit.o)
    0x08000240   0x08000240   0x00000002   Code   RO          639    .text               c_w.l(use_no_semi.o)
    0x08000242   0x08000242   0x00000000   Code   RO          641    .text               c_w.l(indicate_semi.o)
    0x08000242   0x08000242   0x00000002   PAD
    0x08000244   0x08000244   0x00000010   Code   RO          149    .text.ADC_Cmd       stm32f10x_adc.o
    0x08000254   0x08000254   0x00000012   Code   RO          151    .text.ADC_DMACmd    stm32f10x_adc.o
    0x08000266   0x08000266   0x00000002   PAD
    0x08000268   0x08000268   0x00000008   Code   RO          161    .text.ADC_GetCalibrationStatus  stm32f10x_adc.o
    0x08000270   0x08000270   0x00000008   Code   RO          157    .text.ADC_GetResetCalibrationStatus  stm32f10x_adc.o
    0x08000278   0x08000278   0x00000054   Code   RO          145    .text.ADC_Init      stm32f10x_adc.o
    0x080002cc   0x080002cc   0x00000062   Code   RO          171    .text.ADC_RegularChannelConfig  stm32f10x_adc.o
    0x0800032e   0x0800032e   0x00000002   PAD
    0x08000330   0x08000330   0x0000000a   Code   RO          155    .text.ADC_ResetCalibration  stm32f10x_adc.o
    0x0800033a   0x0800033a   0x00000002   PAD
    0x0800033c   0x0800033c   0x00000012   Code   RO          163    .text.ADC_SoftwareStartConvCmd  stm32f10x_adc.o
    0x0800034e   0x0800034e   0x00000002   PAD
    0x08000350   0x08000350   0x0000000a   Code   RO          159    .text.ADC_StartCalibration  stm32f10x_adc.o
    0x0800035a   0x0800035a   0x00000002   PAD
    0x0800035c   0x0800035c   0x00000016   Code   RO          229    .text.DMA_Cmd       stm32f10x_dma.o
    0x08000372   0x08000372   0x00000002   PAD
    0x08000374   0x08000374   0x0000010c   Code   RO          223    .text.DMA_DeInit    stm32f10x_dma.o
    0x08000480   0x08000480   0x00000048   Code   RO          225    .text.DMA_Init      stm32f10x_dma.o
    0x080004c8   0x080004c8   0x00000024   Code   RO            4    .text.DelayInit     delay.o
    0x080004ec   0x080004ec   0x0000001c   Code   RO           10    .text.DelayMs       delay.o
    0x08000508   0x08000508   0x00000014   Code   RO            8    .text.DelayUs       delay.o
    0x0800051c   0x0800051c   0x0000005c   Code   RO           95    .text.GPIO_Configuration  main.o
    0x08000578   0x08000578   0x000000b0   Code   RO          321    .text.GPIO_Init     stm32f10x_gpio.o
    0x08000628   0x08000628   0x0000007a   Code   RO          347    .text.GPIO_PinRemapConfig  stm32f10x_gpio.o
    0x080006a2   0x080006a2   0x00000002   PAD
    0x080006a4   0x080006a4   0x00000014   Code   RO          391    .text.RCC_ADCCLKConfig  stm32f10x_rcc.o
    0x080006b8   0x080006b8   0x00000018   Code   RO          403    .text.RCC_AHBPeriphClockCmd  stm32f10x_rcc.o
    0x080006d0   0x080006d0   0x00000018   Code   RO          407    .text.RCC_APB1PeriphClockCmd  stm32f10x_rcc.o
    0x080006e8   0x080006e8   0x00000018   Code   RO          405    .text.RCC_APB2PeriphClockCmd  stm32f10x_rcc.o
    0x08000700   0x08000700   0x0000001e   Code   RO           93    .text.RCC_Configuration  main.o
    0x0800071e   0x0800071e   0x00000002   PAD
    0x08000720   0x08000720   0x000000a0   Code   RO          401    .text.RCC_GetClocksFreq  stm32f10x_rcc.o
    0x080007c0   0x080007c0   0x00000008   Code   RO          512    .text.SetSysClock   system_stm32f10x.o
    0x080007c8   0x080007c8   0x000000be   Code   RO          516    .text.SetSysClockTo72  system_stm32f10x.o
    0x08000886   0x08000886   0x00000002   PAD
    0x08000888   0x08000888   0x00000024   Code   RO            6    .text.SysTick_Config  delay.o
    0x080008ac   0x080008ac   0x00000018   Code   RO            2    .text.SysTick_Handler  delay.o
    0x080008c4   0x080008c4   0x0000006e   Code   RO          514    .text.SystemCoreClockUpdate  system_stm32f10x.o
    0x08000932   0x08000932   0x00000002   PAD
    0x08000934   0x08000934   0x00000056   Code   RO          510    .text.SystemInit    system_stm32f10x.o
    0x0800098a   0x0800098a   0x00000002   PAD
    0x0800098c   0x0800098c   0x00000014   Code   RO          445    .text.USART_Cmd     stm32f10x_usart.o
    0x080009a0   0x080009a0   0x000000b6   Code   RO          437    .text.USART_Init    stm32f10x_usart.o
    0x08000a56   0x08000a56   0x00000002   PAD
    0x08000a58   0x08000a58   0x0000000e   Code   RO           12    .text.__NVIC_SetPriority  delay.o
    0x08000a66   0x08000a66   0x00000002   PAD
    0x08000a68   0x08000a68   0x000000e6   Code   RO           99    .text.initDma       main.o
    0x08000b4e   0x08000b4e   0x00000002   PAD
    0x08000b50   0x08000b50   0x0000003c   Code   RO           97    .text.initUsart     main.o
    0x08000b8c   0x08000b8c   0x0000000a   Code   RO           29    .text.lcd16x2_clrscr  lcd.o
    0x08000b96   0x08000b96   0x00000002   PAD
    0x08000b98   0x08000b98   0x00000022   Code   RO           77    .text.lcd16x2_create_custom_char  lcd.o
    0x08000bba   0x08000bba   0x00000002   PAD
    0x08000bbc   0x08000bbc   0x0000000a   Code   RO           31    .text.lcd16x2_entry_inc  lcd.o
    0x08000bc6   0x08000bc6   0x00000002   PAD
    0x08000bc8   0x08000bc8   0x00000014   Code   RO           41    .text.lcd16x2_gotoxy  lcd.o
    0x08000bdc   0x08000bdc   0x000000de   Code   RO           23    .text.lcd16x2_init  lcd.o
    0x08000cba   0x08000cba   0x00000002   PAD
    0x08000cbc   0x08000cbc   0x00000010   Code   RO           79    .text.lcd16x2_put_custom_char  lcd.o
    0x08000ccc   0x08000ccc   0x000000b4   Code   RO           81    .text.lcd16x2_read  lcd.o
    0x08000d80   0x08000d80   0x0000001a   Code   RO           25    .text.lcd16x2_toggle_e  lcd.o
    0x08000d9a   0x08000d9a   0x00000002   PAD
    0x08000d9c   0x08000d9c   0x0000001a   Code   RO           33    .text.lcd16x2_wait_busy  lcd.o
    0x08000db6   0x08000db6   0x00000002   PAD
    0x08000db8   0x08000db8   0x000000c0   Code   RO           35    .text.lcd16x2_write  lcd.o
    0x08000e78   0x08000e78   0x00000012   Code   RO           27    .text.lcd16x2_write_command  lcd.o
    0x08000e8a   0x08000e8a   0x00000002   PAD
    0x08000e8c   0x08000e8c   0x00000012   Code   RO           37    .text.lcd16x2_write_data  lcd.o
    0x08000e9e   0x08000e9e   0x00000002   PAD
    0x08000ea0   0x08000ea0   0x000000b8   Code   RO          105    .text.main          main.o
    0x08000f58   0x08000f58   0x00000004   Data   RO          426    .rodata.ADCPrescTable  stm32f10x_rcc.o
    0x08000f5c   0x08000f5c   0x00000010   Data   RO          519    .rodata.AHBPrescTable  system_stm32f10x.o
    0x08000f6c   0x08000f6c   0x00000010   Data   RO          425    .rodata.APBAHBPrescTable  stm32f10x_rcc.o
    0x08000f7c   0x08000f7c   0x00000020   Data   RO          697    Region$$Table       anon$$obj.o


    Execution Region ER_RW (Exec base: 0x20000000, Load base: 0x08000f9c, Size: 0x00000024, Max: 0xffffffff, ABSOLUTE)

    Exec Addr    Load Addr    Size         Type   Attr      Idx    E Section Name        Object

    0x20000000   0x08000f9c   0x00000004   Data   RW          518    .data.SystemCoreClock  system_stm32f10x.o
    0x20000004   0x08000fa0   0x00000008   Data   RW          107    .data.man1          main.o
    0x2000000c   0x08000fa8   0x00000008   Data   RW          108    .data.man2          main.o
    0x20000014   0x08000fb0   0x00000008   Data   RW          109    .data.man3          main.o
    0x2000001c   0x08000fb8   0x00000008   Data   RW          110    .data.wall          main.o


    Execution Region ER_ZI (Exec base: 0x20000028, Load base: 0x08000fc0, Size: 0x000006c8, Max: 0xffffffff, ABSOLUTE)

    Exec Addr    Load Addr    Size         Type   Attr      Idx    E Section Name        Object

    0x20000028        -       0x00000060   Zero   RW          564    .bss                c_w.l(libspace.o)
    0x20000088        -       0x00000008   Zero   RW          113    .bss.ADCConvertedValue  main.o
    0x20000090        -       0x00000014   Zero   RW          114    .bss.ADC_InitStructure  main.o
    0x200000a4        -       0x0000002c   Zero   RW          112    .bss.DMA_InitStructure  main.o
    0x200000d0        -       0x00000004   Zero   RW           83    .bss.GPIO_InitStruct  lcd.o
    0x200000d4        -       0x00000010   Zero   RW          111    .bss.USART_InitStructure  main.o
    0x200000e4        -       0x00000001   Zero   RW           84    .bss.display_cursor_on_off_control  lcd.o
    0x200000e5   0x08000fc0   0x00000003   PAD
    0x200000e8        -       0x00000004   Zero   RW           14    .bss.usTicks        delay.o
    0x200000ec   0x08000fc0   0x00000004   PAD
    0x200000f0        -       0x00000200   Zero   RW          501    HEAP                startup_stm32f10x_md.o
    0x200002f0        -       0x00000400   Zero   RW          500    STACK               startup_stm32f10x_md.o


==============================================================================

Image component sizes


      Code (inc. data)   RO Data    RW Data    ZI Data      Debug   Object Name

       158          0          0          0          4       3869   delay.o
       772          0          0          0          5       6300   lcd.o
       596          0          0         32         88       4923   main.o
        64         26        236          0       1536        824   startup_stm32f10x_md.o
       270          0          0          0          0       9689   stm32f10x_adc.o
       362          0          0          0          0       4177   stm32f10x_dma.o
       298          0          0          0          0       6199   stm32f10x_gpio.o
       252          0         20          0          0       8085   stm32f10x_rcc.o
       202          0          0          0          0       8678   stm32f10x_usart.o
       394          0         16          4          0       2872   system_stm32f10x.o

    ----------------------------------------------------------------------
      3412         26        304         36       1640      55616   Object Totals
         0          0         32          0          0          0   (incl. Generated)
        44          0          0          0          7          0   (incl. Padding)

    ----------------------------------------------------------------------

      Code (inc. data)   RO Data    RW Data    ZI Data      Debug   Library Member Name

         8          0          0          0          0         68   __main.o
         0          0          0          0          0          0   __rtentry.o
        12          0          0          0          0          0   __rtentry2.o
         6          0          0          0          0          0   __rtentry4.o
        52          8          0          0          0          0   __scatter.o
        26          0          0          0          0          0   __scatter_copy.o
        28          0          0          0          0          0   __scatter_zi.o
        18          0          0          0          0         80   exit.o
         6          0          0          0          0        152   heapauxi.o
         0          0          0          0          0          0   indicate_semi.o
         2          0          0          0          0          0   libinit.o
         2          0          0          0          0          0   libinit2.o
         2          0          0          0          0          0   libshutdown.o
         2          0          0          0          0          0   libshutdown2.o
         8          4          0          0         96         68   libspace.o
         2          0          0          0          0          0   rtexit.o
        10          0          0          0          0          0   rtexit2.o
        12          4          0          0          0         68   sys_exit.o
        74          0          0          0          0         80   sys_stackheap_outer.o
         2          0          0          0          0         68   use_no_semi.o

    ----------------------------------------------------------------------
       280         16          0          0         96        584   Library Totals
         8          0          0          0          0          0   (incl. Padding)

    ----------------------------------------------------------------------

      Code (inc. data)   RO Data    RW Data    ZI Data      Debug   Library Name

       272         16          0          0         96        584   c_w.l

    ----------------------------------------------------------------------
       280         16          0          0         96        584   Library Totals

    ----------------------------------------------------------------------

==============================================================================


      Code (inc. data)   RO Data    RW Data    ZI Data      Debug   

      3692         42        304         36       1736      55932   Grand Totals
      3692         42        304         36       1736      55932   ELF Image Totals
      3692         42        304         36          0          0   ROM Totals

==============================================================================

    Total RO  Size (Code + RO Data)                 3996 (   3.90kB)
    Total RW  Size (RW Data + ZI Data)              1772 (   1.73kB)
    Total ROM Size (Code + RO Data + RW Data)       4032 (   3.94kB)

==============================================================================

